 EndoScopeMFC

 Timestamp is 5fb39e3c (Tue Nov 17 17:56:12 2020)

 Preferred load address is 00400000

 Start         Length     Name                   Class
 0001:00000000 0001a419H .text                   CODE
 0001:0001a420 00001555H .text$x                 CODE
 0001:0001b980 000004d0H .text$yc                CODE
 0001:0001be50 00000169H .text$yd                CODE
 0002:00000000 000007ccH .idata$5                DATA
 0002:000007cc 00000004H .CRT$XCA                DATA
 0002:000007d0 00000004H .CRT$XCAA               DATA
 0002:000007d4 00000008H .CRT$XCL                DATA
 0002:000007dc 0000006cH .CRT$XCU                DATA
 0002:00000848 00000004H .CRT$XCZ                DATA
 0002:0000084c 00000004H .CRT$XIA                DATA
 0002:00000850 00000004H .CRT$XIAA               DATA
 0002:00000854 00000008H .CRT$XIC                DATA
 0002:0000085c 00000004H .CRT$XIY                DATA
 0002:00000860 00000004H .CRT$XIZ                DATA
 0002:00000870 00002478H .rdata                  DATA
 0002:00002ce8 000000a4H .rdata$debug            DATA
 0002:00002d8c 00000bccH .rdata$r                DATA
 0002:00003960 00000124H .rdata$sxdata           DATA
 0002:00003a84 00000004H .rtc$IAA                DATA
 0002:00003a88 00000004H .rtc$IZZ                DATA
 0002:00003a8c 00000004H .rtc$TAA                DATA
 0002:00003a90 00000004H .rtc$TZZ                DATA
 0002:00003a98 00001510H .xdata$x                DATA
 0002:00004fa8 00000000H ATL$__a                 DATA
 0002:00004fa8 00000000H ATL$__z                 DATA
 0002:00004fa8 00000154H .idata$2                DATA
 0002:000050fc 00000014H .idata$3                DATA
 0002:00005110 000007ccH .idata$4                DATA
 0002:000058dc 00001ec6H .idata$6                DATA
 0002:000077a2 00000000H .edata                  DATA
 0003:00000000 00000614H .data                   DATA
 0003:00000618 051bd6b8H .bss                    DATA
 0004:00000000 000004fcH .rsrc$01                DATA
 0004:00000500 00011868H .rsrc$02                DATA

  Address         Publics by Value              Rva+Base       Lib:Object

 0000:00000000       __except_list              00000000     <absolute>
 0000:00000049       ___safe_se_handler_count   00000049     <absolute>
 0000:00009876       __ldused                   00009876     <absolute>
 0000:00009876       __fltused                  00009876     <absolute>
 0000:00000000       ___ImageBase               00400000     <linker-defined>
 0001:00000000       ??0CEDSGrabberCB@@QAE@XZ   00401000 f   CEDSGrabberCB.obj
 0001:00000050       ??0?$_Wrap_alloc@V?$allocator@U?$_List_node@PAEPAX@std@@@std@@@std@@QAE@XZ 00401050 f i EndoScopeMFCDlg.obj
 0001:00000050       ??0?$_Wrap_alloc@V?$allocator@V?$basic_string@DU?$char_traits@D@std@@V?$allocator@D@2@@std@@@std@@@std@@QAE@XZ 00401050 f i DataType.obj
 0001:00000050       ??0?$_Wrap_alloc@V?$allocator@H@std@@@std@@QAE@XZ 00401050 f i EndoScopeMFCDlg.obj
 0001:00000050       ??0?$_Wrap_alloc@V?$allocator@PAE@std@@@std@@QAE@XZ 00401050 f i DataType.obj
 0001:00000050       ??0?$_Wrap_alloc@V?$allocator@PAUIBaseFilter@@@std@@@std@@QAE@XZ 00401050 f i EDSCapture.obj
 0001:00000050       ??0?$_Wrap_alloc@V?$allocator@D@std@@@std@@QAE@XZ 00401050 f i CEDSGrabberCB.obj
 0001:00000050       ??0?$_Wrap_alloc@V?$allocator@U?$_Tree_node@U?$pair@$$CBIN@std@@PAX@std@@@std@@@std@@QAE@XZ 00401050 f i DataType.obj
 0001:00000050       ??0?$_Wrap_alloc@V?$allocator@U_Container_proxy@std@@@std@@@std@@QAE@XZ 00401050 f i DataType.obj
 0001:00000050       ??0ISampleGrabberCB@@QAE@XZ 00401050 f i CEDSGrabberCB.obj
 0001:00000070       ??1CEDSGrabberCB@@QAE@XZ   00401070 f   CEDSGrabberCB.obj
 0001:000000b0       ?QueryInterface@CEDSGrabberCB@@UAGJABU_GUID@@PAPAX@Z 004010b0 f   CEDSGrabberCB.obj
 0001:00000100       ?SampleCB@CEDSGrabberCB@@UAGJNPAUIMediaSample@@@Z 00401100 f   CEDSGrabberCB.obj
 0001:00000110       ?CropImage@CEDSGrabberCB@@QAEXPAEPAPAE@Z 00401110 f   CEDSGrabberCB.obj
 0001:00000150       ?BufferCB@CEDSGrabberCB@@UAGJNPAEJ@Z 00401150 f   CEDSGrabberCB.obj
 0001:000001b0       ?AddRef@CEDSGrabberCB@@UAGKXZ 004011b0 f   CEDSGrabberCB.obj
 0001:000001c0       ?Release@CEDSGrabberCB@@UAGKXZ 004011c0 f   CEDSGrabberCB.obj
 0001:000001d0       ??1_Iostream_error_category@std@@UAE@XZ 004011d0 f i CEDSGrabberCB.obj
 0001:000001d0       ??1_System_error_category@std@@UAE@XZ 004011d0 f i pch.obj
 0001:000001f0       ??0error_category@std@@QAE@XZ 004011f0 f i CEDSGrabberCB.obj
 0001:00000210       ??_G_Generic_error_category@std@@UAEPAXI@Z 00401210 f i CEDSGrabberCB.obj
 0001:00000210       ??_E_Generic_error_category@std@@UAEPAXI@Z 00401210 f i * CIL library *:* CIL module *
 0001:00000240       ?name@_Generic_error_category@std@@UBEPBDXZ 00401240 f i CEDSGrabberCB.obj
 0001:00000250       ??0_Generic_error_category@std@@QAE@XZ 00401250 f i CEDSGrabberCB.obj
 0001:00000270       ??_Eerror_category@std@@UAEPAXI@Z 00401270 f i * CIL library *:* CIL module *
 0001:00000270       ??_Gerror_category@std@@UAEPAXI@Z 00401270 f i CEDSGrabberCB.obj
 0001:000002a0       ??1error_category@std@@UAE@XZ 004012a0 f i CEDSGrabberCB.obj
 0001:000002c0       ??1_Generic_error_category@std@@UAE@XZ 004012c0 f i CEDSGrabberCB.obj
 0001:000002e0       ??_E_System_error_category@std@@UAEPAXI@Z 004012e0 f i * CIL library *:* CIL module *
 0001:000002e0       ??_G_Iostream_error_category@std@@UAEPAXI@Z 004012e0 f i CEDSGrabberCB.obj
 0001:000002e0       ??_E_Iostream_error_category@std@@UAEPAXI@Z 004012e0 f i * CIL library *:* CIL module *
 0001:000002e0       ??_G_System_error_category@std@@UAEPAXI@Z 004012e0 f i pch.obj
 0001:00000310       ?name@_Iostream_error_category@std@@UBEPBDXZ 00401310 f i CEDSGrabberCB.obj
 0001:00000320       ?length@?$char_traits@D@std@@SAIPBD@Z 00401320 f i CEDSGrabberCB.obj
 0001:00000370       ?assign@?$basic_string@DU?$char_traits@D@std@@V?$allocator@D@2@@std@@QAEAAV12@PBD@Z 00401370 f i CEDSGrabberCB.obj
 0001:000003a0       ??0?$basic_string@DU?$char_traits@D@std@@V?$allocator@D@2@@std@@QAE@PBD@Z 004013a0 f i CEDSGrabberCB.obj
 0001:000003e0       ?message@_Generic_error_category@std@@UBE?AV?$basic_string@DU?$char_traits@D@std@@V?$allocator@D@2@@2@H@Z 004013e0 f i CEDSGrabberCB.obj
 0001:00000440       ?message@_Iostream_error_category@std@@UBE?AV?$basic_string@DU?$char_traits@D@std@@V?$allocator@D@2@@2@H@Z 00401440 f i CEDSGrabberCB.obj
 0001:000004a0       ??BCSyncObject@@QBEPAXXZ   004014a0 f i EndoScopeMFCDlg.obj
 0001:000004a0       ?category@error_condition@std@@QBEABVerror_category@2@XZ 004014a0 f i CEDSGrabberCB.obj
 0001:000004a0       ?size@?$list@PAEV?$allocator@PAE@std@@@std@@QBEIXZ 004014a0 f i EndoScopeMFCDlg.obj
 0001:000004a0       ?category@error_code@std@@QBEABVerror_category@2@XZ 004014a0 f i CEDSGrabberCB.obj
 0001:000004c0       ??B?$CA2AEX@$0IA@@ATL@@QBEPADXZ 004014c0 f i DataType.obj
 0001:000004c0       ?_Mynode@?$_Tree_unchecked_const_iterator@V?$_Tree_val@U?$_Tree_simple_types@U?$pair@$$CBIN@std@@@std@@@std@@U_Iterator_base0@2@@std@@QBEPAU?$_Tree_node@U?$pair@$$CBIN@std@@PAX@2@XZ 004014c0 f i DataType.obj
 0001:000004c0       ??B?$CComPtrBase@UISampleGrabber@@@ATL@@QBEPAUISampleGrabber@@XZ 004014c0 f i EDSCapture.obj
 0001:000004c0       ??C?$CComPtrBase@UIEnumMoniker@@@ATL@@QBEPAV?$_NoAddRefReleaseOnCComPtr@UIEnumMoniker@@@1@XZ 004014c0 f i EDSCapture.obj
 0001:000004c0       ??D?$_String_const_iterator@V?$_String_val@U?$_Simple_types@D@std@@@std@@@std@@QBEABDXZ 004014c0 f i EndoScopeMFCDlg.obj
 0001:000004c0       ?_Mynode@?$_List_unchecked_const_iterator@V?$_List_val@U?$_List_simple_types@PAE@std@@@std@@U_Iterator_base0@2@@std@@QBEPAU?$_List_node@PAEPAX@2@XZ 004014c0 f i EndoScopeMFCDlg.obj
 0001:000004c0       ?value@error_code@std@@QBEHXZ 004014c0 f i CEDSGrabberCB.obj
 0001:000004c0       ??B?$CComPtrBase@UIBaseFilter@@@ATL@@QBEPAUIBaseFilter@@XZ 004014c0 f i EDSCapture.obj
 0001:000004c0       ??C?$CComPtrBase@UIMoniker@@@ATL@@QBEPAV?$_NoAddRefReleaseOnCComPtr@UIMoniker@@@1@XZ 004014c0 f i EDSCapture.obj
 0001:000004c0       ?value@error_condition@std@@QBEHXZ 004014c0 f i CEDSGrabberCB.obj
 0001:000004c0       ??C?$CComPtrBase@UISampleGrabber@@@ATL@@QBEPAV?$_NoAddRefReleaseOnCComPtr@UISampleGrabber@@@1@XZ 004014c0 f i EDSCapture.obj
 0001:000004c0       ??C?$CComPtrBase@UICreateDevEnum@@@ATL@@QBEPAV?$_NoAddRefReleaseOnCComPtr@UICreateDevEnum@@@1@XZ 004014c0 f i EDSCapture.obj
 0001:000004d0       ?equivalent@error_category@std@@UBE_NABVerror_code@2@H@Z 004014d0 f i CEDSGrabberCB.obj
 0001:00000520       ??8error_category@std@@QBE_NABV01@@Z 00401520 f i CEDSGrabberCB.obj
 0001:00000550       ??8error_condition@std@@QBE_NABV01@@Z 00401550 f i CEDSGrabberCB.obj
 0001:000005b0       ??0CvSize@@QAE@HH@Z        004015b0 f i EndoScopeMFCDlg.obj
 0001:000005b0       ??0?$Point_@H@cv@@QAE@HH@Z 004015b0 f i EndoScopeMFCDlg.obj
 0001:000005b0       ??0?$Size_@H@cv@@QAE@HH@Z  004015b0 f i EndoScopeMFCDlg.obj
 0001:000005b0       ??0error_condition@std@@QAE@HABVerror_category@1@@Z 004015b0 f i CEDSGrabberCB.obj
 0001:000005e0       ?default_error_condition@error_category@std@@UBE?AVerror_condition@2@H@Z 004015e0 f i CEDSGrabberCB.obj
 0001:00000600       ?equivalent@error_category@std@@UBE_NHABVerror_condition@2@@Z 00401600 f i CEDSGrabberCB.obj
 0001:00000630       ??0_Iostream_error_category@std@@QAE@XZ 00401630 f i CEDSGrabberCB.obj
 0001:00000650       ?_Inside@?$basic_string@DU?$char_traits@D@std@@V?$allocator@D@2@@std@@QAE_NPBD@Z 00401650 f i CEDSGrabberCB.obj
 0001:00000690       ?erase@?$basic_string@DU?$char_traits@D@std@@V?$allocator@D@2@@std@@QAEAAV12@I@Z 00401690 f i CEDSGrabberCB.obj
 0001:000006c0       ?_Xran@?$basic_string@DU?$char_traits@D@std@@V?$allocator@D@2@@std@@QBEXXZ 004016c0 f i CEDSGrabberCB.obj
 0001:000006e0       ?erase@?$basic_string@DU?$char_traits@D@std@@V?$allocator@D@2@@std@@QAEAAV12@II@Z 004016e0 f i CEDSGrabberCB.obj
 0001:00000770       ?assign@?$basic_string@DU?$char_traits@D@std@@V?$allocator@D@2@@std@@QAEAAV12@ABV12@II@Z 00401770 f i CEDSGrabberCB.obj
 0001:00000820       ?_Xlen@?$basic_string@DU?$char_traits@D@std@@V?$allocator@D@2@@std@@QBEXXZ 00401820 f i CEDSGrabberCB.obj
 0001:00000840       ?max_size@?$allocator@D@std@@QBEIXZ 00401840 f i CEDSGrabberCB.obj
 0001:00000850       ?max_size@?$allocator_traits@V?$allocator@D@std@@@std@@SAIABV?$allocator@D@2@@Z 00401850 f i CEDSGrabberCB.obj
 0001:00000860       ?max_size@?$_Wrap_alloc@V?$allocator@D@std@@@std@@QBEIXZ 00401860 f i CEDSGrabberCB.obj
 0001:00000880       ?max_size@?$basic_string@DU?$char_traits@D@std@@V?$allocator@D@2@@std@@QBEIXZ 00401880 f i CEDSGrabberCB.obj
 0001:000008c0       ??$_Allocate@D@std@@YAPADIPAD@Z 004018c0 f i CEDSGrabberCB.obj
 0001:00000900       ?allocate@?$allocator@D@std@@QAEPADI@Z 00401900 f i CEDSGrabberCB.obj
 0001:00000920       ?allocate@?$_Wrap_alloc@V?$allocator@D@std@@@std@@QAEPADI@Z 00401920 f i CEDSGrabberCB.obj
 0001:00000940       ?_Copy@?$basic_string@DU?$char_traits@D@std@@V?$allocator@D@2@@std@@QAEXII@Z 00401940 f i CEDSGrabberCB.obj
 0001:00000b10       ?_Grow@?$basic_string@DU?$char_traits@D@std@@V?$allocator@D@2@@std@@QAE_NI_N@Z 00401b10 f i CEDSGrabberCB.obj
 0001:00000bc0       ?assign@?$basic_string@DU?$char_traits@D@std@@V?$allocator@D@2@@std@@QAEAAV12@PBDI@Z 00401bc0 f i CEDSGrabberCB.obj
 0001:00000c40       _==                        00401c40 f i CEDSGrabberCB.obj
 0001:00000c70       ??0?$_String_val@U?$_Simple_types@D@std@@@std@@QAE@XZ 00401c70 f i CEDSGrabberCB.obj
 0001:00000ca0       ??0?$_String_alloc@$0A@U?$_String_base_types@DV?$allocator@D@std@@@std@@@std@@QAE@ABV?$allocator@D@1@@Z 00401ca0 f i CEDSGrabberCB.obj
 0001:00000cc0       ?move@?$char_traits@D@std@@SAPADPADPBDI@Z 00401cc0 f i CEDSGrabberCB.obj
 0001:00000d00       ??2@YAPAXIPAX@Z            00401d00 f i CEDSGrabberCB.obj
 0001:00000d10       ??3@YAXPAX0@Z              00401d10 f i CEDSGrabberCB.obj
 0001:00000d10       ??$_Destroy_range@U?$_Wrap_alloc@V?$allocator@PAUIBaseFilter@@@std@@@std@@@std@@YAXPAPAUIBaseFilter@@0AAU?$_Wrap_alloc@V?$allocator@PAUIBaseFilter@@@std@@@0@U_Scalar_ptr_iterator_tag@0@@Z 00401d10 f i EDSCapture.obj
 0001:00000d10       ??$_Destroy_range@U?$_Wrap_alloc@V?$allocator@PAV?$basic_string@DU?$char_traits@D@std@@V?$allocator@D@2@@std@@@std@@@std@@@std@@YAXPAPAV?$basic_string@DU?$char_traits@D@std@@V?$allocator@D@2@@0@0AAU?$_Wrap_alloc@V?$allocator@PAV?$basic_string@DU?$char_traits@D@std@@V?$allocator@D@2@@std@@@std@@@0@U_Scalar_ptr_iterator_tag@0@@Z 00401d10 f i DataType.obj
 0001:00000d10       ??$_Destroy_range@U?$_Wrap_alloc@V?$allocator@H@std@@@std@@@std@@YAXPAH0AAU?$_Wrap_alloc@V?$allocator@H@std@@@0@U_Scalar_ptr_iterator_tag@0@@Z 00401d10 f i EndoScopeMFCDlg.obj
 0001:00000d20       ??$construct@PADAAPAD@?$allocator@D@std@@QAEXPAPADAAPAD@Z 00401d20 f i CEDSGrabberCB.obj
 0001:00000d20       ??$construct@PAU?$_List_node@PAEPAX@std@@AAPAU12@@?$allocator@U?$_List_node@PAEPAX@std@@@std@@QAEXPAPAU?$_List_node@PAEPAX@1@AAPAU21@@Z 00401d20 f i EndoScopeMFCDlg.obj
 0001:00000d20       ??$construct@PAU?$_Tree_node@U?$pair@$$CBIN@std@@PAX@std@@AAPAU12@@?$allocator@U?$_Tree_node@U?$pair@$$CBIN@std@@PAX@std@@@std@@QAEXPAPAU?$_Tree_node@U?$pair@$$CBIN@std@@PAX@1@AAPAU21@@Z 00401d20 f i DataType.obj
 0001:00000d20       ??$construct@PAEABQAE@?$allocator@U?$_List_node@PAEPAX@std@@@std@@QAEXPAPAEABQAE@Z 00401d20 f i EndoScopeMFCDlg.obj
 0001:00000db0       ??$construct@PAU?$_List_node@PAEPAX@std@@AAPAU12@@?$allocator_traits@V?$allocator@U?$_List_node@PAEPAX@std@@@std@@@std@@SAXAAV?$allocator@U?$_List_node@PAEPAX@std@@@1@PAPAU?$_List_node@PAEPAX@1@AAPAU31@@Z 00401db0 f i EndoScopeMFCDlg.obj
 0001:00000db0       ??$construct@PAEABQAE@?$allocator_traits@V?$allocator@U?$_List_node@PAEPAX@std@@@std@@@std@@SAXAAV?$allocator@U?$_List_node@PAEPAX@std@@@1@PAPAEABQAE@Z 00401db0 f i EndoScopeMFCDlg.obj
 0001:00000db0       ??$construct@PAU?$_Tree_node@U?$pair@$$CBIN@std@@PAX@std@@AAPAU12@@?$allocator_traits@V?$allocator@U?$_Tree_node@U?$pair@$$CBIN@std@@PAX@std@@@std@@@std@@SAXAAV?$allocator@U?$_Tree_node@U?$pair@$$CBIN@std@@PAX@std@@@1@PAPAU?$_Tree_node@U?$pair@$$CBIN@std@@PAX@1@AAPAU31@@Z 00401db0 f i DataType.obj
 0001:00000db0       ??$construct@PADAAPAD@?$allocator_traits@V?$allocator@D@std@@@std@@SAXAAV?$allocator@D@1@PAPADAAPAD@Z 00401db0 f i CEDSGrabberCB.obj
 0001:00000dd0       ??$addressof@U?$pair@$$CBIN@std@@@std@@YAPAU?$pair@$$CBIN@0@AAU10@@Z 00401dd0 f i DataType.obj
 0001:00000dd0       ??$_Unchecked@PAN@std@@YAPANPAN@Z 00401dd0 f i EndoScopeMFCDlg.obj
 0001:00000dd0       ?_Left@?$_Tree_val@U?$_Tree_simple_types@U?$pair@$$CBIN@std@@@std@@@std@@SAAAPAU?$_Tree_node@U?$pair@$$CBIN@std@@PAX@2@PAU32@@Z 00401dd0 f i DataType.obj
 0001:00000dd0       ??$addressof@PAE@std@@YAPAPAEAAPAE@Z 00401dd0 f i EndoScopeMFCDlg.obj
 0001:00000dd0       ??$forward@AAPAU?$_Tree_node@U?$pair@$$CBIN@std@@PAX@std@@@std@@YAAAPAU?$_Tree_node@U?$pair@$$CBIN@std@@PAX@0@AAPAU10@@Z 00401dd0 f i DataType.obj
 0001:00000dd0       ??$_Move@AAD@std@@YA$$QADAAD@Z 00401dd0 f i DataType.obj
 0001:00000dd0       ??$move@AAV?$basic_istream@DU?$char_traits@D@std@@@std@@@std@@YA$$QAV?$basic_istream@DU?$char_traits@D@std@@@0@AAV10@@Z 00401dd0 f i EndoScopeMFCDlg.obj
 0001:00000dd0       ??$forward@AAPAD@std@@YAAAPADAAPAD@Z 00401dd0 f i CEDSGrabberCB.obj
 0001:00000dd0       ?_Nextnode@?$_List_val@U?$_List_simple_types@PAE@std@@@std@@SAAAPAU?$_List_node@PAEPAX@2@PAU32@@Z 00401dd0 f i EndoScopeMFCDlg.obj
 0001:00000dd0       ??$addressof@PAU?$_Tree_node@U?$pair@$$CBIN@std@@PAX@std@@@std@@YAPAPAU?$_Tree_node@U?$pair@$$CBIN@std@@PAX@0@AAPAU10@@Z 00401dd0 f i DataType.obj
 0001:00000dd0       ??$addressof@PAU?$_List_node@PAEPAX@std@@@std@@YAPAPAU?$_List_node@PAEPAX@0@AAPAU10@@Z 00401dd0 f i EndoScopeMFCDlg.obj
 0001:00000dd0       ??$forward@U_Container_proxy@std@@@std@@YA$$QAU_Container_proxy@0@AAU10@@Z 00401dd0 f i DataType.obj
 0001:00000dd0       ??$addressof@D@std@@YAPADAAD@Z 00401dd0 f i CEDSGrabberCB.obj
 0001:00000dd0       ??$forward@ABV?$basic_string@DU?$char_traits@D@std@@V?$allocator@D@2@@std@@@std@@YAABV?$basic_string@DU?$char_traits@D@std@@V?$allocator@D@2@@0@ABV10@@Z 00401dd0 f i DataType.obj
 0001:00000dd0       ??$forward@ABQAE@std@@YAABQAEABQAE@Z 00401dd0 f i EndoScopeMFCDlg.obj
 0001:00000dd0       ??$forward@AAPAU?$_List_node@PAEPAX@std@@@std@@YAAAPAU?$_List_node@PAEPAX@0@AAPAU10@@Z 00401dd0 f i EndoScopeMFCDlg.obj
 0001:00000de0       ??$construct@PAEABQAE@?$_Wrap_alloc@V?$allocator@U?$_List_node@PAEPAX@std@@@std@@@std@@QAEXPAPAEABQAE@Z 00401de0 f i EndoScopeMFCDlg.obj
 0001:00000de0       ??$construct@PAU?$_List_node@PAEPAX@std@@AAPAU12@@?$_Wrap_alloc@V?$allocator@U?$_List_node@PAEPAX@std@@@std@@@std@@QAEXPAPAU?$_List_node@PAEPAX@1@AAPAU21@@Z 00401de0 f i EndoScopeMFCDlg.obj
 0001:00000de0       ??$construct@PADAAPAD@?$_Wrap_alloc@V?$allocator@D@std@@@std@@QAEXPAPADAAPAD@Z 00401de0 f i CEDSGrabberCB.obj
 0001:00000de0       ??$construct@PAU?$_Tree_node@U?$pair@$$CBIN@std@@PAX@std@@AAPAU12@@?$_Wrap_alloc@V?$allocator@U?$_Tree_node@U?$pair@$$CBIN@std@@PAX@std@@@std@@@std@@QAEXPAPAU?$_Tree_node@U?$pair@$$CBIN@std@@PAX@1@AAPAU21@@Z 00401de0 f i DataType.obj
 0001:00000e10       ??$destroy@PAD@?$allocator@D@std@@QAEXPAPAD@Z 00401e10 f i CEDSGrabberCB.obj
 0001:00000e10       ??$destroy@PAE@?$allocator@U?$_List_node@PAEPAX@std@@@std@@QAEXPAPAE@Z 00401e10 f i EndoScopeMFCDlg.obj
 0001:00000e10       ?_Adopt@_Iterator_base0@std@@QAEXPBX@Z 00401e10 f i DataType.obj
 0001:00000e10       ??$destroy@PAU?$_List_node@PAEPAX@std@@@?$allocator@U?$_List_node@PAEPAX@std@@@std@@QAEXPAPAU?$_List_node@PAEPAX@1@@Z 00401e10 f i EndoScopeMFCDlg.obj
 0001:00000e10       ??$destroy@U?$pair@$$CBIN@std@@@?$allocator@U?$_Tree_node@U?$pair@$$CBIN@std@@PAX@std@@@std@@QAEXPAU?$pair@$$CBIN@1@@Z 00401e10 f i DataType.obj
 0001:00000e10       ?Dump@CObject@@UBEXAAVCDumpContext@@@Z 00401e10 f i CSetPSW.obj
 0001:00000e10       ?Serialize@CObject@@UAEXAAVCArchive@@@Z 00401e10 f i CSetPSW.obj
 0001:00000e10       ??$destroy@PAV?$basic_string@DU?$char_traits@D@std@@V?$allocator@D@2@@std@@@?$allocator@V?$basic_string@DU?$char_traits@D@std@@V?$allocator@D@2@@std@@@std@@QAEXPAPAV?$basic_string@DU?$char_traits@D@std@@V?$allocator@D@2@@1@@Z 00401e10 f i DataType.obj
 0001:00000e10       ??$destroy@PAU?$_Tree_node@U?$pair@$$CBIN@std@@PAX@std@@@?$allocator@U?$_Tree_node@U?$pair@$$CBIN@std@@PAX@std@@@std@@QAEXPAPAU?$_Tree_node@U?$pair@$$CBIN@std@@PAX@1@@Z 00401e10 f i DataType.obj
 0001:00000e10       ??$destroy@PAPAE@?$allocator@PAE@std@@QAEXPAPAPAE@Z 00401e10 f i DataType.obj
 0001:00000e10       ??$destroy@U_Container_proxy@std@@@?$allocator@U_Container_proxy@std@@@std@@QAEXPAU_Container_proxy@1@@Z 00401e10 f i DataType.obj
 0001:00000e10       ??$destroy@PAE@?$allocator@PAE@std@@QAEXPAPAE@Z 00401e10 f i DataType.obj
 0001:00000e10       ?DoDataExchange@CWnd@@MAEXPAVCDataExchange@@@Z 00401e10 f i CSetPSW.obj
 0001:00000e20       ??$destroy@PAE@?$allocator_traits@V?$allocator@U?$_List_node@PAEPAX@std@@@std@@@std@@SAXAAV?$allocator@U?$_List_node@PAEPAX@std@@@1@PAPAE@Z 00401e20 f i EndoScopeMFCDlg.obj
 0001:00000e20       ??$destroy@PAV?$basic_string@DU?$char_traits@D@std@@V?$allocator@D@2@@std@@@?$allocator_traits@V?$allocator@V?$basic_string@DU?$char_traits@D@std@@V?$allocator@D@2@@std@@@std@@@std@@SAXAAV?$allocator@V?$basic_string@DU?$char_traits@D@std@@V?$allocator@D@2@@std@@@1@PAPAV?$basic_string@DU?$char_traits@D@std@@V?$allocator@D@2@@1@@Z 00401e20 f i DataType.obj
 0001:00000e20       ??$destroy@U_Container_proxy@std@@@?$allocator_traits@V?$allocator@U_Container_proxy@std@@@std@@@std@@SAXAAV?$allocator@U_Container_proxy@std@@@1@PAU_Container_proxy@1@@Z 00401e20 f i DataType.obj
 0001:00000e20       ??$destroy@U?$pair@$$CBIN@std@@@?$allocator_traits@V?$allocator@U?$_Tree_node@U?$pair@$$CBIN@std@@PAX@std@@@std@@@std@@SAXAAV?$allocator@U?$_Tree_node@U?$pair@$$CBIN@std@@PAX@std@@@1@PAU?$pair@$$CBIN@1@@Z 00401e20 f i DataType.obj
 0001:00000e20       ??$destroy@PAE@?$allocator_traits@V?$allocator@PAE@std@@@std@@SAXAAV?$allocator@PAE@1@PAPAE@Z 00401e20 f i DataType.obj
 0001:00000e20       ??$destroy@PAPAE@?$allocator_traits@V?$allocator@PAE@std@@@std@@SAXAAV?$allocator@PAE@1@PAPAPAE@Z 00401e20 f i DataType.obj
 0001:00000e20       ??$destroy@PAU?$_List_node@PAEPAX@std@@@?$allocator_traits@V?$allocator@U?$_List_node@PAEPAX@std@@@std@@@std@@SAXAAV?$allocator@U?$_List_node@PAEPAX@std@@@1@PAPAU?$_List_node@PAEPAX@1@@Z 00401e20 f i EndoScopeMFCDlg.obj
 0001:00000e20       ??$destroy@PAD@?$allocator_traits@V?$allocator@D@std@@@std@@SAXAAV?$allocator@D@1@PAPAD@Z 00401e20 f i CEDSGrabberCB.obj
 0001:00000e20       ??$destroy@PAU?$_Tree_node@U?$pair@$$CBIN@std@@PAX@std@@@?$allocator_traits@V?$allocator@U?$_Tree_node@U?$pair@$$CBIN@std@@PAX@std@@@std@@@std@@SAXAAV?$allocator@U?$_Tree_node@U?$pair@$$CBIN@std@@PAX@std@@@1@PAPAU?$_Tree_node@U?$pair@$$CBIN@std@@PAX@1@@Z 00401e20 f i DataType.obj
 0001:00000e40       ??$destroy@PAE@?$_Wrap_alloc@V?$allocator@U?$_List_node@PAEPAX@std@@@std@@@std@@QAEXPAPAE@Z 00401e40 f i EndoScopeMFCDlg.obj
 0001:00000e40       ??$destroy@U?$pair@$$CBIN@std@@@?$_Wrap_alloc@V?$allocator@U?$_Tree_node@U?$pair@$$CBIN@std@@PAX@std@@@std@@@std@@QAEXPAU?$pair@$$CBIN@1@@Z 00401e40 f i DataType.obj
 0001:00000e40       ??$destroy@PAPAE@?$_Wrap_alloc@V?$allocator@PAE@std@@@std@@QAEXPAPAPAE@Z 00401e40 f i DataType.obj
 0001:00000e40       ??$destroy@U_Container_proxy@std@@@?$_Wrap_alloc@V?$allocator@U_Container_proxy@std@@@std@@@std@@QAEXPAU_Container_proxy@1@@Z 00401e40 f i DataType.obj
 0001:00000e40       ??$destroy@PAD@?$_Wrap_alloc@V?$allocator@D@std@@@std@@QAEXPAPAD@Z 00401e40 f i CEDSGrabberCB.obj
 0001:00000e40       ??$destroy@PAV?$basic_string@DU?$char_traits@D@std@@V?$allocator@D@2@@std@@@?$_Wrap_alloc@V?$allocator@V?$basic_string@DU?$char_traits@D@std@@V?$allocator@D@2@@std@@@std@@@std@@QAEXPAPAV?$basic_string@DU?$char_traits@D@std@@V?$allocator@D@2@@1@@Z 00401e40 f i DataType.obj
 0001:00000e40       ??$destroy@PAU?$_List_node@PAEPAX@std@@@?$_Wrap_alloc@V?$allocator@U?$_List_node@PAEPAX@std@@@std@@@std@@QAEXPAPAU?$_List_node@PAEPAX@1@@Z 00401e40 f i EndoScopeMFCDlg.obj
 0001:00000e40       ??$destroy@PAU?$_Tree_node@U?$pair@$$CBIN@std@@PAX@std@@@?$_Wrap_alloc@V?$allocator@U?$_Tree_node@U?$pair@$$CBIN@std@@PAX@std@@@std@@@std@@QAEXPAPAU?$_Tree_node@U?$pair@$$CBIN@std@@PAX@1@@Z 00401e40 f i DataType.obj
 0001:00000e40       ??$destroy@PAE@?$_Wrap_alloc@V?$allocator@PAE@std@@@std@@QAEXPAPAE@Z 00401e40 f i DataType.obj
 0001:00000e60       ?copy@?$char_traits@D@std@@SAPADPADPBDI@Z 00401e60 f i CEDSGrabberCB.obj
 0001:00000e90       ?deallocate@?$allocator@U?$_List_node@PAEPAX@std@@@std@@QAEXPAU?$_List_node@PAEPAX@2@I@Z 00401e90 f i EndoScopeMFCDlg.obj
 0001:00000e90       ?deallocate@?$allocator@PAV?$basic_string@DU?$char_traits@D@std@@V?$allocator@D@2@@std@@@std@@QAEXPAPAV?$basic_string@DU?$char_traits@D@std@@V?$allocator@D@2@@2@I@Z 00401e90 f i DataType.obj
 0001:00000e90       ?deallocate@?$allocator@U?$_Tree_node@U?$pair@$$CBIN@std@@PAX@std@@@std@@QAEXPAU?$_Tree_node@U?$pair@$$CBIN@std@@PAX@2@I@Z 00401e90 f i DataType.obj
 0001:00000e90       ?deallocate@?$allocator@U_Container_proxy@std@@@std@@QAEXPAU_Container_proxy@2@I@Z 00401e90 f i DataType.obj
 0001:00000e90       ?deallocate@?$allocator@V?$basic_string@DU?$char_traits@D@std@@V?$allocator@D@2@@std@@@std@@QAEXPAV?$basic_string@DU?$char_traits@D@std@@V?$allocator@D@2@@2@I@Z 00401e90 f i DataType.obj
 0001:00000e90       ?deallocate@?$allocator@PAPAE@std@@QAEXPAPAPAEI@Z 00401e90 f i DataType.obj
 0001:00000e90       ?deallocate@?$allocator@D@std@@QAEXPADI@Z 00401e90 f i CEDSGrabberCB.obj
 0001:00000e90       ?deallocate@?$allocator@PAUIBaseFilter@@@std@@QAEXPAPAUIBaseFilter@@I@Z 00401e90 f i EDSCapture.obj
 0001:00000e90       ?deallocate@?$allocator@PAE@std@@QAEXPAPAEI@Z 00401e90 f i DataType.obj
 0001:00000e90       ?deallocate@?$allocator@H@std@@QAEXPAHI@Z 00401e90 f i EndoScopeMFCDlg.obj
 0001:00000eb0       ?deallocate@?$_Wrap_alloc@V?$allocator@V?$basic_string@DU?$char_traits@D@std@@V?$allocator@D@2@@std@@@std@@@std@@QAEXPAV?$basic_string@DU?$char_traits@D@std@@V?$allocator@D@2@@2@I@Z 00401eb0 f i DataType.obj
 0001:00000eb0       ?deallocate@?$_Wrap_alloc@V?$allocator@U?$_List_node@PAEPAX@std@@@std@@@std@@QAEXPAU?$_List_node@PAEPAX@2@I@Z 00401eb0 f i EndoScopeMFCDlg.obj
 0001:00000eb0       ?deallocate@?$_Wrap_alloc@V?$allocator@PAUIBaseFilter@@@std@@@std@@QAEXPAPAUIBaseFilter@@I@Z 00401eb0 f i EDSCapture.obj
 0001:00000eb0       ?deallocate@?$_Wrap_alloc@V?$allocator@PAPAE@std@@@std@@QAEXPAPAPAEI@Z 00401eb0 f i DataType.obj
 0001:00000eb0       ?deallocate@?$_Wrap_alloc@V?$allocator@PAE@std@@@std@@QAEXPAPAEI@Z 00401eb0 f i DataType.obj
 0001:00000eb0       ?deallocate@?$_Wrap_alloc@V?$allocator@D@std@@@std@@QAEXPADI@Z 00401eb0 f i CEDSGrabberCB.obj
 0001:00000eb0       ?deallocate@?$_Wrap_alloc@V?$allocator@H@std@@@std@@QAEXPAHI@Z 00401eb0 f i EndoScopeMFCDlg.obj
 0001:00000eb0       ?deallocate@?$_Wrap_alloc@V?$allocator@U?$_Tree_node@U?$pair@$$CBIN@std@@PAX@std@@@std@@@std@@QAEXPAU?$_Tree_node@U?$pair@$$CBIN@std@@PAX@2@I@Z 00401eb0 f i DataType.obj
 0001:00000eb0       ?deallocate@?$_Wrap_alloc@V?$allocator@U_Container_proxy@std@@@std@@@std@@QAEXPAU_Container_proxy@2@I@Z 00401eb0 f i DataType.obj
 0001:00000eb0       ?deallocate@?$_Wrap_alloc@V?$allocator@PAV?$basic_string@DU?$char_traits@D@std@@V?$allocator@D@2@@std@@@std@@@std@@QAEXPAPAV?$basic_string@DU?$char_traits@D@std@@V?$allocator@D@2@@2@I@Z 00401eb0 f i DataType.obj
 0001:00000ed0       ??0?$allocator@H@std@@QAE@XZ 00401ed0 f i EndoScopeMFCDlg.obj
 0001:00000ed0       ??I?$CComPtrBase@UICreateDevEnum@@@ATL@@QAEPAPAUICreateDevEnum@@XZ 00401ed0 f i EDSCapture.obj
 0001:00000ed0       ??I?$CComPtrBase@UIEnumMoniker@@@ATL@@QAEPAPAUIEnumMoniker@@XZ 00401ed0 f i EDSCapture.obj
 0001:00000ed0       ??0?$allocator@U?$_List_node@PAEPAX@std@@@std@@QAE@XZ 00401ed0 f i EndoScopeMFCDlg.obj
 0001:00000ed0       ??0?$allocator@U?$pair@$$CBIN@std@@@std@@QAE@XZ 00401ed0 f i DataType.obj
 0001:00000ed0       ??0?$allocator@PAE@std@@QAE@XZ 00401ed0 f i DataType.obj
 0001:00000ed0       ??0?$allocator@PAUIBaseFilter@@@std@@QAE@XZ 00401ed0 f i EDSCapture.obj
 0001:00000ed0       ??0IUnknown@@QAE@XZ        00401ed0 f i CEDSGrabberCB.obj
 0001:00000ed0       ??0?$allocator@D@std@@QAE@XZ 00401ed0 f i CEDSGrabberCB.obj
 0001:00000ed0       ??0?$allocator@U_Container_proxy@std@@@std@@QAE@XZ 00401ed0 f i DataType.obj
 0001:00000ed0       ??0?$allocator@U?$_Tree_node@U?$pair@$$CBIN@std@@PAX@std@@@std@@QAE@XZ 00401ed0 f i DataType.obj
 0001:00000ed0       ??BCRect@@QAEPAUtagRECT@@XZ 00401ed0 f i EndoScopeMFCDlg.obj
 0001:00000ed0       ??0CObject@@IAE@XZ         00401ed0 f i EndoScopeMFCDlg.obj
 0001:00000ed0       ??I?$CComPtrBase@UIMoniker@@@ATL@@QAEPAPAUIMoniker@@XZ 00401ed0 f i EDSCapture.obj
 0001:00000ed0       ??0?$allocator@V?$basic_string@DU?$char_traits@D@std@@V?$allocator@D@2@@std@@@std@@QAE@XZ 00401ed0 f i DataType.obj
 0001:00000ee0       ?_Getal@?$_Deque_alloc@$0A@U?$_Deque_base_types@V?$basic_string@DU?$char_traits@D@std@@V?$allocator@D@2@@std@@V?$allocator@V?$basic_string@DU?$char_traits@D@std@@V?$allocator@D@2@@std@@@2@@std@@@std@@QBE?AU?$_Wrap_alloc@V?$allocator@V?$basic_string@DU?$char_traits@D@std@@V?$allocator@D@2@@std@@@std@@@2@XZ 00401ee0 f i DataType.obj
 0001:00000ee0       ?_Getal@?$_Vector_alloc@$0A@U?$_Vec_base_types@HV?$allocator@H@std@@@std@@@std@@QBE?AU?$_Wrap_alloc@V?$allocator@H@std@@@2@XZ 00401ee0 f i EndoScopeMFCDlg.obj
 0001:00000ee0       ?_Getal@?$_Deque_alloc@$0A@U?$_Deque_base_types@PAEV?$allocator@PAE@std@@@std@@@std@@QBE?AU?$_Wrap_alloc@V?$allocator@PAE@std@@@2@XZ 00401ee0 f i DataType.obj
 0001:00000ee0       ?_Getal@?$_String_alloc@$0A@U?$_String_base_types@DV?$allocator@D@std@@@std@@@std@@QBE?AU?$_Wrap_alloc@V?$allocator@D@std@@@2@XZ 00401ee0 f i CEDSGrabberCB.obj
 0001:00000ee0       ?_Getal@?$_Vector_alloc@$0A@U?$_Vec_base_types@PAUIBaseFilter@@V?$allocator@PAUIBaseFilter@@@std@@@std@@@std@@QBE?AU?$_Wrap_alloc@V?$allocator@PAUIBaseFilter@@@std@@@2@XZ 00401ee0 f i EDSCapture.obj
 0001:00000ee0       ?_Getal@?$_Tree_alloc@$0A@U?$_Tree_base_types@U?$pair@$$CBIN@std@@V?$allocator@U?$pair@$$CBIN@std@@@2@@std@@@std@@QBE?AU?$_Wrap_alloc@V?$allocator@U?$_Tree_node@U?$pair@$$CBIN@std@@PAX@std@@@std@@@2@XZ 00401ee0 f i DataType.obj
 0001:00000ee0       ?_Getal@?$_List_alloc@$0A@U?$_List_base_types@PAEV?$allocator@PAE@std@@@std@@@std@@QBE?AU?$_Wrap_alloc@V?$allocator@U?$_List_node@PAEPAX@std@@@std@@@2@XZ 00401ee0 f i EndoScopeMFCDlg.obj
 0001:00000f00       ?assign@?$char_traits@D@std@@SAXAADABD@Z 00401f00 f i CEDSGrabberCB.obj
 0001:00000f10       ?_Myptr@?$_String_val@U?$_Simple_types@D@std@@@std@@QAEPADXZ 00401f10 f i CEDSGrabberCB.obj
 0001:00000f10       ?_Myptr@?$_String_val@U?$_Simple_types@D@std@@@std@@QBEPBDXZ 00401f10 f i CEDSGrabberCB.obj
 0001:00000f50       ?_Eos@?$basic_string@DU?$char_traits@D@std@@V?$allocator@D@2@@std@@QAEXI@Z 00401f50 f i CEDSGrabberCB.obj
 0001:00000f90       ?_Tidy@?$basic_string@DU?$char_traits@D@std@@V?$allocator@D@2@@std@@QAEX_NI@Z 00401f90 f i CEDSGrabberCB.obj
 0001:00001030       ??1?$basic_string@DU?$char_traits@D@std@@V?$allocator@D@2@@std@@QAE@XZ 00402030 f i CEDSGrabberCB.obj
 0001:00001050       ?state@?$fpos@H@std@@QBEHXZ 00402050 f i EndoScopeMFCDlg.obj
 0001:00001050       ?size@?$basic_string@DU?$char_traits@D@std@@V?$allocator@D@2@@std@@QBEIXZ 00402050 f i CEDSGrabberCB.obj
 0001:00001070       _IsEqualGUID               00402070 f i CEDSGrabberCB.obj
 0001:000010b0       ?_GetBaseClass@CSetPSW@@KGPAUCRuntimeClass@@XZ 004020b0 f   CSetPSW.obj
 0001:000010b0       ?_GetBaseClass@Login@@KGPAUCRuntimeClass@@XZ 004020b0 f   Login.obj
 0001:000010c0       ?GetRuntimeClass@CSetPSW@@UBEPAUCRuntimeClass@@XZ 004020c0 f   CSetPSW.obj
 0001:000010d0       ??0CSetPSW@@QAE@PAVCWnd@@@Z 004020d0 f   CSetPSW.obj
 0001:00001100       ??_GCSetPSW@@UAEPAXI@Z     00402100 f i CSetPSW.obj
 0001:00001100       ??_ECSetPSW@@UAEPAXI@Z     00402100 f i * CIL library *:* CIL module *
 0001:00001130       ??1CDialogEx@@UAE@XZ       00402130 f i CSetPSW.obj
 0001:000011a0       ??1CSetPSW@@UAE@XZ         004021a0 f   CSetPSW.obj
 0001:000011c0       ?DoDataExchange@CAboutDlg@@MAEXPAVCDataExchange@@@Z 004021c0 f   EndoScopeMFCDlg.obj
 0001:000011c0       ?DoDataExchange@CEndoScopeMFCDlg@@MAEXPAVCDataExchange@@@Z 004021c0 f   EndoScopeMFCDlg.obj
 0001:000011c0       ?DoDataExchange@CSetPSW@@MAEXPAVCDataExchange@@@Z 004021c0 f   CSetPSW.obj
 0001:000011e0       ?GetMessageMap@CSetPSW@@MBEPBUAFX_MSGMAP@@XZ 004021e0 f   CSetPSW.obj
 0001:000011f0       ?GetThisMessageMap@CSetPSW@@KGPBUAFX_MSGMAP@@XZ 004021f0 f   CSetPSW.obj
 0001:00001200       ?OnBnClickedOk@CSetPSW@@QAEXXZ 00402200 f   CSetPSW.obj
 0001:00001720       ?noAnorD@CSetPSW@@QAE_NPBD@Z 00402720 f   CSetPSW.obj
 0001:00001790       ??8ATL@@YA_NPBDABV?$CStringT@DV?$StrTraitMFC_DLL@DV?$ChTraitsCRT@D@ATL@@@@@0@@Z 00402790 f i CSetPSW.obj
 0001:000017c0       ??9ATL@@YA_NABV?$CStringT@DV?$StrTraitMFC_DLL@DV?$ChTraitsCRT@D@ATL@@@@@0@0@Z 004027c0 f i CSetPSW.obj
 0001:00001800       ?Create@CDialog@@UAEHIPAVCWnd@@@Z 00402800 f i CSetPSW.obj
 0001:00001820       ?EndModalState@CWnd@@UAEXXZ 00402820 f i CSetPSW.obj
 0001:00001840       ?BeginModalState@CWnd@@UAEXXZ 00402840 f i CSetPSW.obj
 0001:00001860       ??8ATL@@YA_NABV?$CStringT@DV?$StrTraitMFC_DLL@DV?$ChTraitsCRT@D@ATL@@@@@0@0@Z 00402860 f i CSetPSW.obj
 0001:000018a0       ??HATL@@YA?AV?$CStringT@DV?$StrTraitMFC_DLL@DV?$ChTraitsCRT@D@ATL@@@@@0@ABV10@PBD@Z 004028a0 f i CSetPSW.obj
 0001:00001960       ??_ECBrush@@UAEPAXI@Z      00402960 f i * CIL library *:* CIL module *
 0001:00001960       ??_GCBrush@@UAEPAXI@Z      00402960 f i CSetPSW.obj
 0001:00001990       ??_ECGdiObject@@UAEPAXI@Z  00402990 f i * CIL library *:* CIL module *
 0001:00001990       ??_GCGdiObject@@UAEPAXI@Z  00402990 f i CSetPSW.obj
 0001:000019c0       ??1CObject@@UAE@XZ         004029c0 f i CSetPSW.obj
 0001:000019c0       ?OnBnClickedButOk@CEndoScopeMFCDlg@@QAEXXZ 004029c0 f i EndoScopeMFCDlg.obj
 0001:000019c0       ?AssertValid@CObject@@UBEXXZ 004029c0 f i CSetPSW.obj
 0001:000019c0       ??1_InputArray@cv@@QAE@XZ  004029c0 f i EndoScopeMFCDlg.obj
 0001:000019d0       ??1CGdiObject@@UAE@XZ      004029d0 f i CSetPSW.obj
 0001:00001b80       ??1CBrush@@UAE@XZ          00402b80 f i CSetPSW.obj
 0001:00001ba0       ??3CObject@@SGXPAX@Z       00402ba0 f i CSetPSW.obj
 0001:00001bc0       ?__autoclassinit@?$queue@PAEV?$deque@PAEV?$allocator@PAE@std@@@std@@@std@@QAEXI@Z 00402bc0 f i DataType.obj
 0001:00001bc0       ?__autoclassinit@?$queue@V?$basic_string@DU?$char_traits@D@std@@V?$allocator@D@2@@std@@V?$deque@V?$basic_string@DU?$char_traits@D@std@@V?$allocator@D@2@@std@@V?$allocator@V?$basic_string@DU?$char_traits@D@std@@V?$allocator@D@2@@std@@@2@@2@@std@@QAEXI@Z 00402bc0 f i DataType.obj
 0001:00001be0       ??1?$queue@PAEV?$deque@PAEV?$allocator@PAE@std@@@std@@@std@@QAE@XZ 00402be0 f i DataType.obj
 0001:00001c00       ?__autoclassinit@?$deque@V?$basic_string@DU?$char_traits@D@std@@V?$allocator@D@2@@std@@V?$allocator@V?$basic_string@DU?$char_traits@D@std@@V?$allocator@D@2@@std@@@2@@std@@QAEXI@Z 00402c00 f i DataType.obj
 0001:00001c00       ?__autoclassinit@?$deque@PAEV?$allocator@PAE@std@@@std@@QAEXI@Z 00402c00 f i DataType.obj
 0001:00001c20       ?__autoclassinit@CEvent@@QAEXI@Z 00402c20 f i EndoScopeMFCDlg.obj
 0001:00001c20       ?__autoclassinit@?$_Deque_alloc@$0A@U?$_Deque_base_types@V?$basic_string@DU?$char_traits@D@std@@V?$allocator@D@2@@std@@V?$allocator@V?$basic_string@DU?$char_traits@D@std@@V?$allocator@D@2@@std@@@2@@std@@@std@@QAEXI@Z 00402c20 f i DataType.obj
 0001:00001c20       ?__autoclassinit@?$_Deque_alloc@$0A@U?$_Deque_base_types@PAEV?$allocator@PAE@std@@@std@@@std@@QAEXI@Z 00402c20 f i DataType.obj
 0001:00001c20       ?__autoclassinit@CFont@@QAEXI@Z 00402c20 f i EndoScopeMFCDlg.obj
 0001:00001c20       ?__autoclassinit@CRgn@@QAEXI@Z 00402c20 f i EndoScopeMFCDlg.obj
 0001:00001c20       ?__autoclassinit@CBrush@@QAEXI@Z 00402c20 f i EndoScopeMFC.obj
 0001:00001c40       ?__autoclassinit@?$_Deque_val@U?$_Deque_simple_types@PAE@std@@@std@@QAEXI@Z 00402c40 f i DataType.obj
 0001:00001c40       ?__autoclassinit@CGdiObject@@QAEXI@Z 00402c40 f i EndoScopeMFC.obj
 0001:00001c40       ?__autoclassinit@CSyncObject@@QAEXI@Z 00402c40 f i EndoScopeMFCDlg.obj
 0001:00001c40       ?__autoclassinit@?$_Deque_val@U?$_Deque_simple_types@V?$basic_string@DU?$char_traits@D@std@@V?$allocator@D@2@@std@@@std@@@std@@QAEXI@Z 00402c40 f i DataType.obj
 0001:00001c60       ?__autoclassinit@?$map@INU?$less@I@std@@V?$allocator@U?$pair@$$CBIN@std@@@2@@std@@QAEXI@Z 00402c60 f i DataType.obj
 0001:00001c80       ??1?$map@INU?$less@I@std@@V?$allocator@U?$pair@$$CBIN@std@@@2@@std@@QAE@XZ 00402c80 f i DataType.obj
 0001:00001ca0       ?__autoclassinit@?$_Tree@V?$_Tmap_traits@INU?$less@I@std@@V?$allocator@U?$pair@$$CBIN@std@@@2@$0A@@std@@@std@@QAEXI@Z 00402ca0 f i DataType.obj
 0001:00001cc0       ?__autoclassinit@?$_Tree_comp@$0A@V?$_Tmap_traits@INU?$less@I@std@@V?$allocator@U?$pair@$$CBIN@std@@@2@$0A@@std@@@std@@QAEXI@Z 00402cc0 f i DataType.obj
 0001:00001cc0       ?__autoclassinit@?$list@PAEV?$allocator@PAE@std@@@std@@QAEXI@Z 00402cc0 f i EndoScopeMFC.obj
 0001:00001ce0       ?__autoclassinit@?$_Tree_buy@U?$pair@$$CBIN@std@@V?$allocator@U?$pair@$$CBIN@std@@@2@@std@@QAEXI@Z 00402ce0 f i DataType.obj
 0001:00001ce0       ?__autoclassinit@?$CComQIPtr@UIBaseFilter@@$1?IID_IBaseFilter@@3U_GUID@@B@ATL@@QAEXI@Z 00402ce0 f i EDSCapture.obj
 0001:00001ce0       ?__autoclassinit@?$_List_buy@PAEV?$allocator@PAE@std@@@std@@QAEXI@Z 00402ce0 f i EndoScopeMFC.obj
 0001:00001d00       ?__autoclassinit@?$CComPtr@UISampleGrabber@@@ATL@@QAEXI@Z 00402d00 f i EndoScopeMFC.obj
 0001:00001d00       ?__autoclassinit@?$_Tree_alloc@$0A@U?$_Tree_base_types@U?$pair@$$CBIN@std@@V?$allocator@U?$pair@$$CBIN@std@@@2@@std@@@std@@QAEXI@Z 00402d00 f i DataType.obj
 0001:00001d00       ?__autoclassinit@?$CComPtr@UICreateDevEnum@@@ATL@@QAEXI@Z 00402d00 f i EDSCapture.obj
 0001:00001d00       ?__autoclassinit@?$CComPtr@UIBaseFilter@@@ATL@@QAEXI@Z 00402d00 f i EDSCapture.obj
 0001:00001d00       ?__autoclassinit@?$_Tree_const_iterator@V?$_Tree_val@U?$_Tree_simple_types@U?$pair@$$CBIN@std@@@std@@@std@@@std@@QAEXI@Z 00402d00 f i DataType.obj
 0001:00001d00       ?__autoclassinit@?$_List_const_iterator@V?$_List_val@U?$_List_simple_types@PAE@std@@@std@@@std@@QAEXI@Z 00402d00 f i EndoScopeMFCDlg.obj
 0001:00001d00       ?__autoclassinit@?$CComPtr@UIMoniker@@@ATL@@QAEXI@Z 00402d00 f i EDSCapture.obj
 0001:00001d00       ?__autoclassinit@?$_List_alloc@$0A@U?$_List_base_types@PAEV?$allocator@PAE@std@@@std@@@std@@QAEXI@Z 00402d00 f i EndoScopeMFC.obj
 0001:00001d00       ?__autoclassinit@?$CComPtr@UIEnumMoniker@@@ATL@@QAEXI@Z 00402d00 f i EDSCapture.obj
 0001:00001d20       ?__autoclassinit@?$CComPtrBase@UIBaseFilter@@@ATL@@QAEXI@Z 00402d20 f i EDSCapture.obj
 0001:00001d20       ?__autoclassinit@?$CComPtrBase@UICreateDevEnum@@@ATL@@QAEXI@Z 00402d20 f i EDSCapture.obj
 0001:00001d20       ?__autoclassinit@?$CComPtrBase@UIMoniker@@@ATL@@QAEXI@Z 00402d20 f i EDSCapture.obj
 0001:00001d20       ?__autoclassinit@?$_List_unchecked_const_iterator@V?$_List_val@U?$_List_simple_types@PAE@std@@@std@@U_Iterator_base0@2@@std@@QAEXI@Z 00402d20 f i EndoScopeMFCDlg.obj
 0001:00001d20       ?__autoclassinit@?$CComPtrBase@UIEnumMoniker@@@ATL@@QAEXI@Z 00402d20 f i EDSCapture.obj
 0001:00001d20       ?__autoclassinit@?$_Tree_val@U?$_Tree_simple_types@U?$pair@$$CBIN@std@@@std@@@std@@QAEXI@Z 00402d20 f i DataType.obj
 0001:00001d20       ?__autoclassinit@?$_Tree_unchecked_const_iterator@V?$_Tree_val@U?$_Tree_simple_types@U?$pair@$$CBIN@std@@@std@@@std@@U_Iterator_base0@2@@std@@QAEXI@Z 00402d20 f i DataType.obj
 0001:00001d20       ?__autoclassinit@?$CComPtrBase@UISampleGrabber@@@ATL@@QAEXI@Z 00402d20 f i EndoScopeMFC.obj
 0001:00001d20       ?__autoclassinit@?$_List_val@U?$_List_simple_types@PAE@std@@@std@@QAEXI@Z 00402d20 f i EndoScopeMFC.obj
 0001:00001d40       ??1?$queue@V?$basic_string@DU?$char_traits@D@std@@V?$allocator@D@2@@std@@V?$deque@V?$basic_string@DU?$char_traits@D@std@@V?$allocator@D@2@@std@@V?$allocator@V?$basic_string@DU?$char_traits@D@std@@V?$allocator@D@2@@std@@@2@@2@@std@@QAE@XZ 00402d40 f i DataType.obj
 0001:00001d80       ?ReadConfig@@YA_NXZ        00402d80 f   DataType.obj
 0001:00002390       ?SetConfig@@YAXV?$CStringT@DV?$StrTraitMFC_DLL@DV?$ChTraitsCRT@D@ATL@@@@@ATL@@N@Z 00403390 f   DataType.obj
 0001:000024f0       ?ReturnPath@@YA?AV?$CStringT@DV?$StrTraitMFC_DLL@DV?$ChTraitsCRT@D@ATL@@@@@ATL@@XZ 004034f0 f   DataType.obj
 0001:000025e0       ??9ATL@@YA_NABV?$CStringT@DV?$StrTraitMFC_DLL@DV?$ChTraitsCRT@D@ATL@@@@@0@PBD@Z 004035e0 f i DataType.obj
 0001:00002610       ??0?$queue@V?$basic_string@DU?$char_traits@D@std@@V?$allocator@D@2@@std@@V?$deque@V?$basic_string@DU?$char_traits@D@std@@V?$allocator@D@2@@std@@V?$allocator@V?$basic_string@DU?$char_traits@D@std@@V?$allocator@D@2@@std@@@2@@2@@std@@QAE@XZ 00403610 f i DataType.obj
 0001:00002610       ??0?$queue@PAEV?$deque@PAEV?$allocator@PAE@std@@@std@@@std@@QAE@XZ 00403610 f i DataType.obj
 0001:00002630       ??1?$deque@PAEV?$allocator@PAE@std@@@std@@QAE@XZ 00403630 f i DataType.obj
 0001:00002650       ??0?$map@INU?$less@I@std@@V?$allocator@U?$pair@$$CBIN@std@@@2@@std@@QAE@XZ 00403650 f i DataType.obj
 0001:00002680       ??1?$_Tree@V?$_Tmap_traits@INU?$less@I@std@@V?$allocator@U?$pair@$$CBIN@std@@@2@$0A@@std@@@std@@QAE@XZ 00403680 f i DataType.obj
 0001:000026a0       ?push@?$queue@V?$basic_string@DU?$char_traits@D@std@@V?$allocator@D@2@@std@@V?$deque@V?$basic_string@DU?$char_traits@D@std@@V?$allocator@D@2@@std@@V?$allocator@V?$basic_string@DU?$char_traits@D@std@@V?$allocator@D@2@@std@@@2@@2@@std@@QAEXABV?$basic_string@DU?$char_traits@D@std@@V?$allocator@D@2@@2@@Z 004036a0 f i DataType.obj
 0001:000026c0       ??1?$deque@V?$basic_string@DU?$char_traits@D@std@@V?$allocator@D@2@@std@@V?$allocator@V?$basic_string@DU?$char_traits@D@std@@V?$allocator@D@2@@std@@@2@@std@@QAE@XZ 004036c0 f i DataType.obj
 0001:000026e0       ??0?$CA2AEX@$0IA@@ATL@@QAE@PBD@Z 004036e0 f i DataType.obj
 0001:00002710       ??1?$CA2AEX@$0IA@@ATL@@QAE@XZ 00403710 f i DataType.obj
 0001:00002740       ??1?$_Tree_comp@$0A@V?$_Tmap_traits@INU?$less@I@std@@V?$allocator@U?$pair@$$CBIN@std@@@2@$0A@@std@@@std@@QAE@XZ 00403740 f i DataType.obj
 0001:00002760       ??1?$_Tree_buy@U?$pair@$$CBIN@std@@V?$allocator@U?$pair@$$CBIN@std@@@2@@std@@QAE@XZ 00403760 f i DataType.obj
 0001:00002780       ??0?$deque@PAEV?$allocator@PAE@std@@@std@@QAE@XZ 00403780 f i DataType.obj
 0001:00002780       ??0?$deque@V?$basic_string@DU?$char_traits@D@std@@V?$allocator@D@2@@std@@V?$allocator@V?$basic_string@DU?$char_traits@D@std@@V?$allocator@D@2@@std@@@2@@std@@QAE@XZ 00403780 f i DataType.obj
 0001:000027b0       ?_Tidy@?$deque@PAEV?$allocator@PAE@std@@@std@@IAEXXZ 004037b0 f i DataType.obj
 0001:000028a0       ??1?$_Deque_alloc@$0A@U?$_Deque_base_types@V?$basic_string@DU?$char_traits@D@std@@V?$allocator@D@2@@std@@V?$allocator@V?$basic_string@DU?$char_traits@D@std@@V?$allocator@D@2@@std@@@2@@std@@@std@@QAE@XZ 004038a0 f i DataType.obj
 0001:000028a0       ??1?$_Deque_alloc@$0A@U?$_Deque_base_types@PAEV?$allocator@PAE@std@@@std@@@std@@QAE@XZ 004038a0 f i DataType.obj
 0001:000028c0       ??0?$_Tree@V?$_Tmap_traits@INU?$less@I@std@@V?$allocator@U?$pair@$$CBIN@std@@@2@$0A@@std@@@std@@QAE@ABU?$less@I@1@ABV?$allocator@U?$pair@$$CBIN@std@@@1@@Z 004038c0 f i DataType.obj
 0001:000028e0       ?_Tidy@?$_Tree@V?$_Tmap_traits@INU?$less@I@std@@V?$allocator@U?$pair@$$CBIN@std@@@2@$0A@@std@@@std@@IAEXXZ 004038e0 f i DataType.obj
 0001:00002930       ??1?$_Tree_alloc@$0A@U?$_Tree_base_types@U?$pair@$$CBIN@std@@V?$allocator@U?$pair@$$CBIN@std@@@2@@std@@@std@@QAE@XZ 00403930 f i DataType.obj
 0001:00002950       ?push_back@?$deque@V?$basic_string@DU?$char_traits@D@std@@V?$allocator@D@2@@std@@V?$allocator@V?$basic_string@DU?$char_traits@D@std@@V?$allocator@D@2@@std@@@2@@std@@QAEXABV?$basic_string@DU?$char_traits@D@std@@V?$allocator@D@2@@2@@Z 00403950 f i DataType.obj
 0001:00002a50       ?_Tidy@?$deque@V?$basic_string@DU?$char_traits@D@std@@V?$allocator@D@2@@std@@V?$allocator@V?$basic_string@DU?$char_traits@D@std@@V?$allocator@D@2@@std@@@2@@std@@IAEXXZ 00403a50 f i DataType.obj
 0001:00002b40       ?Init@?$CA2AEX@$0IA@@ATL@@AAEXPBD@Z 00403b40 f i DataType.obj
 0001:00002bd0       ??1?$_Deque_val@U?$_Deque_simple_types@PAE@std@@@std@@QAE@XZ 00403bd0 f i DataType.obj
 0001:00002bd0       ??1?$_Deque_val@U?$_Deque_simple_types@V?$basic_string@DU?$char_traits@D@std@@V?$allocator@D@2@@std@@@std@@@std@@QAE@XZ 00403bd0 f i DataType.obj
 0001:00002bf0       ?empty@?$deque@V?$basic_string@DU?$char_traits@D@std@@V?$allocator@D@2@@std@@V?$allocator@V?$basic_string@DU?$char_traits@D@std@@V?$allocator@D@2@@std@@@2@@std@@QBE_NXZ 00403bf0 f i DataType.obj
 0001:00002bf0       ?empty@?$basic_string@DU?$char_traits@D@std@@V?$allocator@D@2@@std@@QBE_NXZ 00403bf0 f i EndoScopeMFCDlg.obj
 0001:00002bf0       ?empty@?$deque@PAEV?$allocator@PAE@std@@@std@@QBE_NXZ 00403bf0 f i DataType.obj
 0001:00002c20       ?pop_back@?$deque@PAEV?$allocator@PAE@std@@@std@@QAEXXZ 00403c20 f i DataType.obj
 0001:00002cc0       ??0?$_Deque_alloc@$0A@U?$_Deque_base_types@PAEV?$allocator@PAE@std@@@std@@@std@@QAE@ABV?$allocator@PAE@1@@Z 00403cc0 f i DataType.obj
 0001:00002cc0       ??0?$_Deque_alloc@$0A@U?$_Deque_base_types@V?$basic_string@DU?$char_traits@D@std@@V?$allocator@D@2@@std@@V?$allocator@V?$basic_string@DU?$char_traits@D@std@@V?$allocator@D@2@@std@@@2@@std@@@std@@QAE@ABV?$allocator@V?$basic_string@DU?$char_traits@D@std@@V?$allocator@D@2@@std@@@1@@Z 00403cc0 f i DataType.obj
 0001:00002d20       ?_Free_proxy@?$_Deque_alloc@$0A@U?$_Deque_base_types@V?$basic_string@DU?$char_traits@D@std@@V?$allocator@D@2@@std@@V?$allocator@V?$basic_string@DU?$char_traits@D@std@@V?$allocator@D@2@@std@@@2@@std@@@std@@QAEXXZ 00403d20 f i DataType.obj
 0001:00002d20       ?_Free_proxy@?$_Deque_alloc@$0A@U?$_Deque_base_types@PAEV?$allocator@PAE@std@@@std@@@std@@QAEXXZ 00403d20 f i DataType.obj
 0001:00002d80       ?begin@?$_Tree@V?$_Tmap_traits@INU?$less@I@std@@V?$allocator@U?$pair@$$CBIN@std@@@2@$0A@@std@@@std@@QAE?AV?$_Tree_iterator@V?$_Tree_val@U?$_Tree_simple_types@U?$pair@$$CBIN@std@@@std@@@std@@@2@XZ 00403d80 f i DataType.obj
 0001:00002db0       ?end@?$_Tree@V?$_Tmap_traits@INU?$less@I@std@@V?$allocator@U?$pair@$$CBIN@std@@@2@$0A@@std@@@std@@QAE?AV?$_Tree_iterator@V?$_Tree_val@U?$_Tree_simple_types@U?$pair@$$CBIN@std@@@std@@@std@@@2@XZ 00403db0 f i DataType.obj
 0001:00002de0       ?erase@?$_Tree@V?$_Tmap_traits@INU?$less@I@std@@V?$allocator@U?$pair@$$CBIN@std@@@2@$0A@@std@@@std@@QAE?AV?$_Tree_iterator@V?$_Tree_val@U?$_Tree_simple_types@U?$pair@$$CBIN@std@@@std@@@std@@@2@V?$_Tree_const_iterator@V?$_Tree_val@U?$_Tree_simple_types@U?$pair@$$CBIN@std@@@std@@@std@@@2@0@Z 00403de0 f i DataType.obj
 0001:00002e90       ??0?$_Tree_comp@$0A@V?$_Tmap_traits@INU?$less@I@std@@V?$allocator@U?$pair@$$CBIN@std@@@2@$0A@@std@@@std@@QAE@ABU?$less@I@1@ABV?$allocator@U?$pair@$$CBIN@std@@@1@@Z 00403e90 f i DataType.obj
 0001:00002eb0       ?_Freenode@?$_List_buy@PAEV?$allocator@PAE@std@@@std@@QAEXPAU?$_List_node@PAEPAX@2@@Z 00403eb0 f i EndoScopeMFCDlg.obj
 0001:00002eb0       ?_Freeheadnode@?$_Tree_alloc@$0A@U?$_Tree_base_types@U?$pair@$$CBIN@std@@V?$allocator@U?$pair@$$CBIN@std@@@2@@std@@@std@@QAEXPAU?$_Tree_node@U?$pair@$$CBIN@std@@PAX@2@@Z 00403eb0 f i DataType.obj
 0001:00002f60       ?pop_back@?$deque@V?$basic_string@DU?$char_traits@D@std@@V?$allocator@D@2@@std@@V?$allocator@V?$basic_string@DU?$char_traits@D@std@@V?$allocator@D@2@@std@@@2@@std@@QAEXXZ 00403f60 f i DataType.obj
 0001:00003000       ?_Growmap@?$deque@V?$basic_string@DU?$char_traits@D@std@@V?$allocator@D@2@@std@@V?$allocator@V?$basic_string@DU?$char_traits@D@std@@V?$allocator@D@2@@std@@@2@@std@@IAEXI@Z 00404000 f i DataType.obj
 0001:00003220       ?allocate@?$_Wrap_alloc@V?$allocator@V?$basic_string@DU?$char_traits@D@std@@V?$allocator@D@2@@std@@@std@@@std@@QAEPAV?$basic_string@DU?$char_traits@D@std@@V?$allocator@D@2@@2@I@Z 00404220 f i DataType.obj
 0001:00003240       ?_Getblock@?$_Deque_val@U?$_Deque_simple_types@V?$basic_string@DU?$char_traits@D@std@@V?$allocator@D@2@@std@@@std@@@std@@QBEII@Z 00404240 f i DataType.obj
 0001:00003260       ?_Alloc_proxy@?$_Deque_alloc@$0A@U?$_Deque_base_types@V?$basic_string@DU?$char_traits@D@std@@V?$allocator@D@2@@std@@V?$allocator@V?$basic_string@DU?$char_traits@D@std@@V?$allocator@D@2@@std@@@2@@std@@@std@@QAEXXZ 00404260 f i DataType.obj
 0001:00003260       ?_Alloc_proxy@?$_Deque_alloc@$0A@U?$_Deque_base_types@PAEV?$allocator@PAE@std@@@std@@@std@@QAEXXZ 00404260 f i DataType.obj
 0001:000032c0       ??0?$_Deque_val@U?$_Deque_simple_types@V?$basic_string@DU?$char_traits@D@std@@V?$allocator@D@2@@std@@@std@@@std@@QAE@XZ 004042c0 f i DataType.obj
 0001:000032c0       ??0?$_Deque_val@U?$_Deque_simple_types@PAE@std@@@std@@QAE@XZ 004042c0 f i DataType.obj
 0001:00003300       ?_Getblock@?$_Deque_val@U?$_Deque_simple_types@PAE@std@@@std@@QBEII@Z 00404300 f i DataType.obj
 0001:00003320       ?erase@?$_Tree@V?$_Tmap_traits@INU?$less@I@std@@V?$allocator@U?$pair@$$CBIN@std@@@2@$0A@@std@@@std@@QAE?AV?$_Tree_iterator@V?$_Tree_val@U?$_Tree_simple_types@U?$pair@$$CBIN@std@@@std@@@std@@@2@V?$_Tree_const_iterator@V?$_Tree_val@U?$_Tree_simple_types@U?$pair@$$CBIN@std@@@std@@@std@@@2@@Z 00404320 f i DataType.obj
 0001:00003ac0       ?clear@?$_Tree@V?$_Tmap_traits@INU?$less@I@std@@V?$allocator@U?$pair@$$CBIN@std@@@2@$0A@@std@@@std@@QAEXXZ 00404ac0 f i DataType.obj
 0001:00003b20       ?_Lmost@?$_Tree@V?$_Tmap_traits@INU?$less@I@std@@V?$allocator@U?$pair@$$CBIN@std@@@2@$0A@@std@@@std@@IBEAAPAU?$_Tree_node@U?$pair@$$CBIN@std@@PAX@2@XZ 00404b20 f i DataType.obj
 0001:00003b40       ??0?$_Tree_buy@U?$pair@$$CBIN@std@@V?$allocator@U?$pair@$$CBIN@std@@@2@@std@@QAE@ABV?$allocator@U?$pair@$$CBIN@std@@@1@@Z 00404b40 f i DataType.obj
 0001:00003b60       ?_Parent@?$_Tree_val@U?$_Tree_simple_types@U?$pair@$$CBIN@std@@@std@@@std@@SAAAPAU?$_Tree_node@U?$pair@$$CBIN@std@@PAX@2@PAU32@@Z 00404b60 f i DataType.obj
 0001:00003b60       ?_Prevnode@?$_List_val@U?$_List_simple_types@PAE@std@@@std@@SAAAPAU?$_List_node@PAEPAX@2@PAU32@@Z 00404b60 f i EndoScopeMFCDlg.obj
 0001:00003b70       ?_Myval@?$_List_val@U?$_List_simple_types@PAE@std@@@std@@SAAAPAEPAU?$_List_node@PAEPAX@2@@Z 00404b70 f i EndoScopeMFCDlg.obj
 0001:00003b70       ?_Right@?$_Tree_val@U?$_Tree_simple_types@U?$pair@$$CBIN@std@@@std@@@std@@SAAAPAU?$_Tree_node@U?$pair@$$CBIN@std@@PAX@2@PAU32@@Z 00404b70 f i DataType.obj
 0001:00003b80       ?max_size@?$deque@V?$basic_string@DU?$char_traits@D@std@@V?$allocator@D@2@@std@@V?$allocator@V?$basic_string@DU?$char_traits@D@std@@V?$allocator@D@2@@std@@@2@@std@@QBEIXZ 00404b80 f i DataType.obj
 0001:00003ba0       ?_Xlen@?$deque@V?$basic_string@DU?$char_traits@D@std@@V?$allocator@D@2@@std@@V?$allocator@V?$basic_string@DU?$char_traits@D@std@@V?$allocator@D@2@@std@@@2@@std@@IBEXXZ 00404ba0 f i DataType.obj
 0001:00003bc0       ?allocate@?$allocator@V?$basic_string@DU?$char_traits@D@std@@V?$allocator@D@2@@std@@@std@@QAEPAV?$basic_string@DU?$char_traits@D@std@@V?$allocator@D@2@@2@I@Z 00404bc0 f i DataType.obj
 0001:00003be0       ?allocate@?$_Wrap_alloc@V?$allocator@PAV?$basic_string@DU?$char_traits@D@std@@V?$allocator@D@2@@std@@@std@@@std@@QAEPAPAV?$basic_string@DU?$char_traits@D@std@@V?$allocator@D@2@@2@I@Z 00404be0 f i DataType.obj
 0001:00003c00       ??0?$_List_iterator@V?$_List_val@U?$_List_simple_types@PAE@std@@@std@@@std@@QAE@PAU?$_List_node@PAEPAX@1@PBV?$_List_val@U?$_List_simple_types@PAE@std@@@1@@Z 00404c00 f i EndoScopeMFCDlg.obj
 0001:00003c00       ??0?$_Tree_iterator@V?$_Tree_val@U?$_Tree_simple_types@U?$pair@$$CBIN@std@@@std@@@std@@@std@@QAE@PAU?$_Tree_node@U?$pair@$$CBIN@std@@PAX@1@PBV?$_Tree_val@U?$_Tree_simple_types@U?$pair@$$CBIN@std@@@std@@@1@@Z 00404c00 f i DataType.obj
 0001:00003c20       ??E?$_Tree_const_iterator@V?$_Tree_val@U?$_Tree_simple_types@U?$pair@$$CBIN@std@@@std@@@std@@@std@@QAE?AV01@H@Z 00404c20 f i DataType.obj
 0001:00003c70       ??8?$_Tree_const_iterator@V?$_Tree_val@U?$_Tree_simple_types@U?$pair@$$CBIN@std@@@std@@@std@@@std@@QBE_NABV01@@Z 00404c70 f i DataType.obj
 0001:00003ca0       ??9?$_Tree_const_iterator@V?$_Tree_val@U?$_Tree_simple_types@U?$pair@$$CBIN@std@@@std@@@std@@@std@@QBE_NABV01@@Z 00404ca0 f i DataType.obj
 0001:00003ce0       ?_Erase@?$_Tree@V?$_Tmap_traits@INU?$less@I@std@@V?$allocator@U?$pair@$$CBIN@std@@@2@$0A@@std@@@std@@IAEXPAU?$_Tree_node@U?$pair@$$CBIN@std@@PAX@2@@Z 00404ce0 f i DataType.obj
 0001:00003d80       ?_Lrotate@?$_Tree@V?$_Tmap_traits@INU?$less@I@std@@V?$allocator@U?$pair@$$CBIN@std@@@2@$0A@@std@@@std@@IAEXPAU?$_Tree_node@U?$pair@$$CBIN@std@@PAX@2@@Z 00404d80 f i DataType.obj
 0001:00003eb0       ?_Rmost@?$_Tree@V?$_Tmap_traits@INU?$less@I@std@@V?$allocator@U?$pair@$$CBIN@std@@@2@$0A@@std@@@std@@IBEAAPAU?$_Tree_node@U?$pair@$$CBIN@std@@PAX@2@XZ 00404eb0 f i DataType.obj
 0001:00003eb0       ??D?$_List_const_iterator@V?$_List_val@U?$_List_simple_types@PAE@std@@@std@@@std@@QBEABQAEXZ 00404eb0 f i EndoScopeMFCDlg.obj
 0001:00003ed0       ?_Root@?$_Tree@V?$_Tmap_traits@INU?$less@I@std@@V?$allocator@U?$pair@$$CBIN@std@@@2@$0A@@std@@@std@@IBEAAPAU?$_Tree_node@U?$pair@$$CBIN@std@@PAX@2@XZ 00404ed0 f i DataType.obj
 0001:00003ef0       ?_Rrotate@?$_Tree@V?$_Tmap_traits@INU?$less@I@std@@V?$allocator@U?$pair@$$CBIN@std@@@2@$0A@@std@@@std@@IAEXPAU?$_Tree_node@U?$pair@$$CBIN@std@@PAX@2@@Z 00404ef0 f i DataType.obj
 0001:00004020       ??0?$_Tree_alloc@$0A@U?$_Tree_base_types@U?$pair@$$CBIN@std@@V?$allocator@U?$pair@$$CBIN@std@@@2@@std@@@std@@QAE@ABV?$allocator@U?$pair@$$CBIN@std@@@1@@Z 00405020 f i DataType.obj
 0001:00004050       ?_Color@?$_Tree_val@U?$_Tree_simple_types@U?$pair@$$CBIN@std@@@std@@@std@@SAAADPAU?$_Tree_node@U?$pair@$$CBIN@std@@PAX@2@@Z 00405050 f i DataType.obj
 0001:00004060       ?_Isnil@?$_Tree_val@U?$_Tree_simple_types@U?$pair@$$CBIN@std@@@std@@@std@@SAAADPAU?$_Tree_node@U?$pair@$$CBIN@std@@PAX@2@@Z 00405060 f i DataType.obj
 0001:00004070       ?_Myval@?$_Tree_val@U?$_Tree_simple_types@U?$pair@$$CBIN@std@@@std@@@std@@SAAAU?$pair@$$CBIN@2@PAU?$_Tree_node@U?$pair@$$CBIN@std@@PAX@2@@Z 00405070 f i DataType.obj
 0001:00004080       ?_Max@?$_Tree_val@U?$_Tree_simple_types@U?$pair@$$CBIN@std@@@std@@@std@@SAPAU?$_Tree_node@U?$pair@$$CBIN@std@@PAX@2@PAU32@@Z 00405080 f i DataType.obj
 0001:000040c0       ?_Min@?$_Tree_val@U?$_Tree_simple_types@U?$pair@$$CBIN@std@@@std@@@std@@SAPAU?$_Tree_node@U?$pair@$$CBIN@std@@PAX@2@PAU32@@Z 004050c0 f i DataType.obj
 0001:00004100       ?max_size@?$_Wrap_alloc@V?$allocator@V?$basic_string@DU?$char_traits@D@std@@V?$allocator@D@2@@std@@@std@@@std@@QBEIXZ 00405100 f i DataType.obj
 0001:00004120       ?allocate@?$allocator@PAV?$basic_string@DU?$char_traits@D@std@@V?$allocator@D@2@@std@@@std@@QAEPAPAV?$basic_string@DU?$char_traits@D@std@@V?$allocator@D@2@@2@I@Z 00405120 f i DataType.obj
 0001:00004140       ??0?$_Tree_const_iterator@V?$_Tree_val@U?$_Tree_simple_types@U?$pair@$$CBIN@std@@@std@@@std@@@std@@QAE@PAU?$_Tree_node@U?$pair@$$CBIN@std@@PAX@1@PBV?$_Tree_val@U?$_Tree_simple_types@U?$pair@$$CBIN@std@@@std@@@1@@Z 00405140 f i DataType.obj
 0001:00004140       ??0?$_List_const_iterator@V?$_List_val@U?$_List_simple_types@PAE@std@@@std@@@std@@QAE@PAU?$_List_node@PAEPAX@1@PBV?$_List_val@U?$_List_simple_types@PAE@std@@@1@@Z 00405140 f i EndoScopeMFCDlg.obj
 0001:00004140       ??0?$_List_unchecked_iterator@V?$_List_val@U?$_List_simple_types@PAE@std@@@std@@@std@@QAE@PAU?$_List_node@PAEPAX@1@PBV?$_List_val@U?$_List_simple_types@PAE@std@@@1@@Z 00405140 f i EndoScopeMFCDlg.obj
 0001:00004160       ??E?$_Tree_const_iterator@V?$_Tree_val@U?$_Tree_simple_types@U?$pair@$$CBIN@std@@@std@@@std@@@std@@QAEAAV01@XZ 00405160 f i DataType.obj
 0001:00004180       ?allocate@?$_Wrap_alloc@V?$allocator@U_Container_proxy@std@@@std@@@std@@QAEPAU_Container_proxy@2@I@Z 00405180 f i DataType.obj
 0001:000041a0       ?_Buyheadnode@?$_Tree_alloc@$0A@U?$_Tree_base_types@U?$pair@$$CBIN@std@@V?$allocator@U?$pair@$$CBIN@std@@@2@@std@@@std@@QAEPAU?$_Tree_node@U?$pair@$$CBIN@std@@PAX@2@XZ 004051a0 f i DataType.obj
 0001:00004310       ??0?$Size_@H@cv@@QAE@XZ    00405310 f i EndoScopeMFCDlg.obj
 0001:00004310       ??0?$_List_val@U?$_List_simple_types@PAE@std@@@std@@QAE@XZ 00405310 f i EndoScopeMFCDlg.obj
 0001:00004310       ??0?$_Tree_val@U?$_Tree_simple_types@U?$pair@$$CBIN@std@@@std@@@std@@QAE@XZ 00405310 f i DataType.obj
 0001:00004310       ??0CPoint@@QAE@XZ          00405310 f i EndoScopeMFCDlg.obj
 0001:00004310       ??0_Container_proxy@std@@QAE@XZ 00405310 f i DataType.obj
 0001:00004340       ?max_size@?$allocator_traits@V?$allocator@V?$basic_string@DU?$char_traits@D@std@@V?$allocator@D@2@@std@@@std@@@std@@SAIABV?$allocator@V?$basic_string@DU?$char_traits@D@std@@V?$allocator@D@2@@std@@@2@@Z 00405340 f i DataType.obj
 0001:00004350       ??0?$_Tree_unchecked_const_iterator@V?$_Tree_val@U?$_Tree_simple_types@U?$pair@$$CBIN@std@@@std@@@std@@U_Iterator_base0@2@@std@@QAE@PAU?$_Tree_node@U?$pair@$$CBIN@std@@PAX@1@PBV?$_Tree_val@U?$_Tree_simple_types@U?$pair@$$CBIN@std@@@std@@@1@@Z 00405350 f i DataType.obj
 0001:00004350       ??0?$_List_unchecked_const_iterator@V?$_List_val@U?$_List_simple_types@PAE@std@@@std@@U_Iterator_base0@2@@std@@QAE@PAU?$_List_node@PAEPAX@1@PBV?$_List_val@U?$_List_simple_types@PAE@std@@@1@@Z 00405350 f i EndoScopeMFCDlg.obj
 0001:00004380       ??E?$_Tree_unchecked_const_iterator@V?$_Tree_val@U?$_Tree_simple_types@U?$pair@$$CBIN@std@@@std@@@std@@U_Iterator_base0@2@@std@@QAEAAV01@XZ 00405380 f i DataType.obj
 0001:00004440       ?allocate@?$allocator@U_Container_proxy@std@@@std@@QAEPAU_Container_proxy@2@I@Z 00405440 f i DataType.obj
 0001:00004460       ?allocate@?$_Wrap_alloc@V?$allocator@U?$_Tree_node@U?$pair@$$CBIN@std@@PAX@std@@@std@@@std@@QAEPAU?$_Tree_node@U?$pair@$$CBIN@std@@PAX@2@I@Z 00405460 f i DataType.obj
 0001:00004480       ?max_size@?$allocator@V?$basic_string@DU?$char_traits@D@std@@V?$allocator@D@2@@std@@@std@@QBEIXZ 00405480 f i DataType.obj
 0001:00004490       ?allocate@?$allocator@U?$_Tree_node@U?$pair@$$CBIN@std@@PAX@std@@@std@@QAEPAU?$_Tree_node@U?$pair@$$CBIN@std@@PAX@2@I@Z 00405490 f i DataType.obj
 0001:000044b0       ??0?$_Wrap_alloc@V?$allocator@D@std@@@std@@QAE@ABV?$allocator@D@1@@Z 004054b0 f i DataType.obj
 0001:000044b0       ??$?0U?$_Wrap_alloc@V?$allocator@PAE@std@@@std@@@?$_Wrap_alloc@V?$allocator@PAPAE@std@@@std@@QAE@ABU?$_Wrap_alloc@V?$allocator@PAE@std@@@1@@Z 004054b0 f i DataType.obj
 0001:000044b0       ??$?0U?$_Wrap_alloc@V?$allocator@V?$basic_string@DU?$char_traits@D@std@@V?$allocator@D@2@@std@@@std@@@std@@@?$_Wrap_alloc@V?$allocator@PAV?$basic_string@DU?$char_traits@D@std@@V?$allocator@D@2@@std@@@std@@@std@@QAE@ABU?$_Wrap_alloc@V?$allocator@V?$basic_string@DU?$char_traits@D@std@@V?$allocator@D@2@@std@@@std@@@1@@Z 004054b0 f i DataType.obj
 0001:000044d0       ??$construct@V?$basic_string@DU?$char_traits@D@std@@V?$allocator@D@2@@std@@ABV12@@?$_Wrap_alloc@V?$allocator@V?$basic_string@DU?$char_traits@D@std@@V?$allocator@D@2@@std@@@std@@@std@@QAEXPAV?$basic_string@DU?$char_traits@D@std@@V?$allocator@D@2@@1@ABV21@@Z 004054d0 f i DataType.obj
 0001:00004500       ??$destroy@V?$basic_string@DU?$char_traits@D@std@@V?$allocator@D@2@@std@@@?$_Wrap_alloc@V?$allocator@V?$basic_string@DU?$char_traits@D@std@@V?$allocator@D@2@@std@@@std@@@std@@QAEXPAV?$basic_string@DU?$char_traits@D@std@@V?$allocator@D@2@@1@@Z 00405500 f i DataType.obj
 0001:00004520       ??$_Uninitialized_copy@PAPAV?$basic_string@DU?$char_traits@D@std@@V?$allocator@D@2@@std@@PAPAV12@U?$_Wrap_alloc@V?$allocator@PAV?$basic_string@DU?$char_traits@D@std@@V?$allocator@D@2@@std@@@std@@@2@@std@@YAPAPAV?$basic_string@DU?$char_traits@D@std@@V?$allocator@D@2@@0@PAPAV10@00AAU?$_Wrap_alloc@V?$allocator@PAV?$basic_string@DU?$char_traits@D@std@@V?$allocator@D@2@@std@@@std@@@0@@Z 00405520 f i DataType.obj
 0001:00004560       ??$_Uninitialized_default_fill_n@PAPAV?$basic_string@DU?$char_traits@D@std@@V?$allocator@D@2@@std@@IU?$_Wrap_alloc@V?$allocator@PAV?$basic_string@DU?$char_traits@D@std@@V?$allocator@D@2@@std@@@std@@@2@@std@@YAXPAPAV?$basic_string@DU?$char_traits@D@std@@V?$allocator@D@2@@0@IAAU?$_Wrap_alloc@V?$allocator@PAV?$basic_string@DU?$char_traits@D@std@@V?$allocator@D@2@@std@@@std@@@0@@Z 00405560 f i DataType.obj
 0001:000045b0       ??$_Destroy_range@U?$_Wrap_alloc@V?$allocator@PAUIBaseFilter@@@std@@@std@@@std@@YAXPAPAUIBaseFilter@@0AAU?$_Wrap_alloc@V?$allocator@PAUIBaseFilter@@@std@@@0@@Z 004055b0 f i EDSCapture.obj
 0001:000045b0       ??$_Destroy_range@U?$_Wrap_alloc@V?$allocator@H@std@@@std@@@std@@YAXPAH0AAU?$_Wrap_alloc@V?$allocator@H@std@@@0@@Z 004055b0 f i EndoScopeMFCDlg.obj
 0001:000045b0       ??$_Destroy_range@U?$_Wrap_alloc@V?$allocator@PAV?$basic_string@DU?$char_traits@D@std@@V?$allocator@D@2@@std@@@std@@@std@@@std@@YAXPAPAV?$basic_string@DU?$char_traits@D@std@@V?$allocator@D@2@@0@0AAU?$_Wrap_alloc@V?$allocator@PAV?$basic_string@DU?$char_traits@D@std@@V?$allocator@D@2@@std@@@std@@@0@@Z 004055b0 f i DataType.obj
 0001:000045f0       ??$construct@U_Container_proxy@std@@U12@@?$_Wrap_alloc@V?$allocator@U_Container_proxy@std@@@std@@@std@@QAEXPAU_Container_proxy@1@$$QAU21@@Z 004055f0 f i DataType.obj
 0001:00004620       ??$swap@D@std@@YAXAAD0@Z   00405620 f i DataType.obj
 0001:00004680       ??$_Allocate@V?$basic_string@DU?$char_traits@D@std@@V?$allocator@D@2@@std@@@std@@YAPAV?$basic_string@DU?$char_traits@D@std@@V?$allocator@D@2@@0@IPAV10@@Z 00405680 f i DataType.obj
 0001:000046d0       ??$_Allocate@PAV?$basic_string@DU?$char_traits@D@std@@V?$allocator@D@2@@std@@@std@@YAPAPAV?$basic_string@DU?$char_traits@D@std@@V?$allocator@D@2@@0@IPAPAV10@@Z 004056d0 f i DataType.obj
 0001:00004720       ??$_Allocate@U_Container_proxy@std@@@std@@YAPAU_Container_proxy@0@IPAU10@@Z 00405720 f i DataType.obj
 0001:00004770       ??$_Allocate@U?$_Tree_node@U?$pair@$$CBIN@std@@PAX@std@@@std@@YAPAU?$_Tree_node@U?$pair@$$CBIN@std@@PAX@0@IPAU10@@Z 00405770 f i DataType.obj
 0001:000047c0       ??0?$allocator@D@std@@QAE@ABV01@@Z 004057c0 f i DataType.obj
 0001:000047c0       ??$?0PAE@?$allocator@PAPAE@std@@QAE@ABV?$allocator@PAE@1@@Z 004057c0 f i DataType.obj
 0001:000047c0       ??$?0V?$basic_string@DU?$char_traits@D@std@@V?$allocator@D@2@@std@@@?$allocator@PAV?$basic_string@DU?$char_traits@D@std@@V?$allocator@D@2@@std@@@std@@QAE@ABV?$allocator@V?$basic_string@DU?$char_traits@D@std@@V?$allocator@D@2@@std@@@1@@Z 004057c0 f i DataType.obj
 0001:000047d0       ??$construct@V?$basic_string@DU?$char_traits@D@std@@V?$allocator@D@2@@std@@ABV12@@?$allocator_traits@V?$allocator@V?$basic_string@DU?$char_traits@D@std@@V?$allocator@D@2@@std@@@std@@@std@@SAXAAV?$allocator@V?$basic_string@DU?$char_traits@D@std@@V?$allocator@D@2@@std@@@1@PAV?$basic_string@DU?$char_traits@D@std@@V?$allocator@D@2@@1@ABV31@@Z 004057d0 f i DataType.obj
 0001:000047f0       ??$destroy@V?$basic_string@DU?$char_traits@D@std@@V?$allocator@D@2@@std@@@?$allocator_traits@V?$allocator@V?$basic_string@DU?$char_traits@D@std@@V?$allocator@D@2@@std@@@std@@@std@@SAXAAV?$allocator@V?$basic_string@DU?$char_traits@D@std@@V?$allocator@D@2@@std@@@1@PAV?$basic_string@DU?$char_traits@D@std@@V?$allocator@D@2@@1@@Z 004057f0 f i DataType.obj
 0001:00004810       ??$_Ptr_cat@PAV?$basic_string@DU?$char_traits@D@std@@V?$allocator@D@2@@std@@PAV12@@std@@YA?AU_Scalar_ptr_iterator_tag@0@PAPAV?$basic_string@DU?$char_traits@D@std@@V?$allocator@D@2@@0@0@Z 00405810 f i DataType.obj
 0001:00004810       ??$_Ptr_cat@HH@std@@YA?AU_Scalar_ptr_iterator_tag@0@PAH0@Z 00405810 f i EndoScopeMFCDlg.obj
 0001:00004810       ??$_Ptr_cat@PAUIBaseFilter@@PAU1@@std@@YA?AU_Scalar_ptr_iterator_tag@0@PAPAUIBaseFilter@@0@Z 00405810 f i EDSCapture.obj
 0001:00004820       ??$_Uninit_copy@PAV?$basic_string@DU?$char_traits@D@std@@V?$allocator@D@2@@std@@PAV12@@std@@YAPAPAV?$basic_string@DU?$char_traits@D@std@@V?$allocator@D@2@@0@PAPAV10@00AAU?$_Wrap_alloc@V?$allocator@PAV?$basic_string@DU?$char_traits@D@std@@V?$allocator@D@2@@std@@@std@@@0@U_Scalar_ptr_iterator_tag@0@@Z 00405820 f i DataType.obj
 0001:00004860       ??$_Val_type@PAPAV?$basic_string@DU?$char_traits@D@std@@V?$allocator@D@2@@std@@@std@@YAPAPAV?$basic_string@DU?$char_traits@D@std@@V?$allocator@D@2@@0@PAPAV10@@Z 00405860 f i DataType.obj
 0001:00004870       ??$_Uninit_def_fill_n@PAV?$basic_string@DU?$char_traits@D@std@@V?$allocator@D@2@@std@@IPAV12@@std@@YAXPAPAV?$basic_string@DU?$char_traits@D@std@@V?$allocator@D@2@@0@IAAU?$_Wrap_alloc@V?$allocator@PAV?$basic_string@DU?$char_traits@D@std@@V?$allocator@D@2@@std@@@std@@@0@0U_Scalar_ptr_iterator_tag@0@@Z 00405870 f i DataType.obj
 0001:000048a0       ??$construct@U_Container_proxy@std@@U12@@?$allocator_traits@V?$allocator@U_Container_proxy@std@@@std@@@std@@SAXAAV?$allocator@U_Container_proxy@std@@@1@PAU_Container_proxy@1@$$QAU31@@Z 004058a0 f i DataType.obj
 0001:000048c0       ?construct@?$allocator@V?$basic_string@DU?$char_traits@D@std@@V?$allocator@D@2@@std@@@std@@QAEXPAV?$basic_string@DU?$char_traits@D@std@@V?$allocator@D@2@@2@ABV32@@Z 004058c0 f i DataType.obj
 0001:00004940       ??0?$basic_string@DU?$char_traits@D@std@@V?$allocator@D@2@@std@@QAE@ABV01@@Z 00405940 f i DataType.obj
 0001:00004990       ?select_on_container_copy_construction@?$_Wrap_alloc@V?$allocator@D@std@@@std@@QBE?AU12@XZ 00405990 f i DataType.obj
 0001:000049c0       ?select_on_container_copy_construction@?$allocator_traits@V?$allocator@D@std@@@std@@SA?AV?$allocator@D@2@ABV32@@Z 004059c0 f i DataType.obj
 0001:000049e0       ?select_on_container_copy_construction@?$allocator@D@std@@QBE?AV12@XZ 004059e0 f i DataType.obj
 0001:00004a00       ??$destroy@V?$basic_string@DU?$char_traits@D@std@@V?$allocator@D@2@@std@@@?$allocator@V?$basic_string@DU?$char_traits@D@std@@V?$allocator@D@2@@std@@@std@@QAEXPAV?$basic_string@DU?$char_traits@D@std@@V?$allocator@D@2@@1@@Z 00405a00 f i DataType.obj
 0001:00004a20       ??$_Fill_n@PAPAV?$basic_string@DU?$char_traits@D@std@@V?$allocator@D@2@@std@@IPAV12@@std@@YAPAPAV?$basic_string@DU?$char_traits@D@std@@V?$allocator@D@2@@0@PAPAV10@IABQAV10@@Z 00405a20 f i DataType.obj
 0001:00004a50       ??$construct@U_Container_proxy@std@@U12@@?$allocator@U_Container_proxy@std@@@std@@QAEXPAU_Container_proxy@1@$$QAU21@@Z 00405a50 f i DataType.obj
 0001:00004ae0       ??_G?$basic_string@DU?$char_traits@D@std@@V?$allocator@D@2@@std@@QAEPAXI@Z 00405ae0 f i DataType.obj
 0001:00004b10       ?memcpy_s@Checked@ATL@@YAXPAXIPBXI@Z 00405b10 f i DataType.obj
 0001:00004b40       ??$AtlConvAllocMemory@D@ATL@@YAXPAPADHPADH@Z 00405b40 f i DataType.obj
 0001:00004c80       ?AfxCrtErrorCheck@@YAHH@Z  00405c80 f i DataType.obj
 0001:00004d30       ??$AtlConvFreeMemory@D@ATL@@YAXPAD0H@Z 00405d30 f i DataType.obj
 0001:00004d50       ?AtlThrowImpl@ATL@@YGXJ@Z  00405d50 f i DataType.obj
 0001:00004d80       ?_GetBaseClass@CEDSCapture@@KGPAUCRuntimeClass@@XZ 00405d80 f   EDSCapture.obj
 0001:00004d90       ?GetRuntimeClass@CEDSCapture@@UBEPAUCRuntimeClass@@XZ 00405d90 f   EDSCapture.obj
 0001:00004da0       ??0CEDSCapture@@QAE@XZ     00405da0 f   EDSCapture.obj
 0001:00004eb0       ??_ECEDSCapture@@UAEPAXI@Z 00405eb0 f i * CIL library *:* CIL module *
 0001:00004eb0       ??_GCEDSCapture@@UAEPAXI@Z 00405eb0 f i EDSCapture.obj
 0001:00004ee0       ??1?$CComPtr@UICreateDevEnum@@@ATL@@QAE@XZ 00405ee0 f i EDSCapture.obj
 0001:00004ee0       ??1?$CComPtr@UIEnumMoniker@@@ATL@@QAE@XZ 00405ee0 f i EDSCapture.obj
 0001:00004ee0       ??1?$CComPtr@UISampleGrabber@@@ATL@@QAE@XZ 00405ee0 f i EDSCapture.obj
 0001:00004ee0       ??1?$CComPtr@UIMoniker@@@ATL@@QAE@XZ 00405ee0 f i EDSCapture.obj
 0001:00004ee0       ??1?$CComPtr@UIBaseFilter@@@ATL@@QAE@XZ 00405ee0 f i EDSCapture.obj
 0001:00004f00       ??1CEDSCapture@@UAE@XZ     00405f00 f   EDSCapture.obj
 0001:00004f80       ?GetMessageMap@CEDSCapture@@MBEPBUAFX_MSGMAP@@XZ 00405f80 f   EDSCapture.obj
 0001:00004f90       ?GetThisMessageMap@CEDSCapture@@KGPBUAFX_MSGMAP@@XZ 00405f90 f   EDSCapture.obj
 0001:00004fa0       ?Init@CEDSCapture@@QAEJHPAUHWND__@@@Z 00405fa0 f   EDSCapture.obj
 0001:00005490       ??1?$CComQIPtr@UIBaseFilter@@$1?IID_IBaseFilter@@3U_GUID@@B@ATL@@QAE@XZ 00406490 f i EDSCapture.obj
 0001:000054b0       ?Pause@CEDSCapture@@QAEXXZ 004064b0 f   EDSCapture.obj
 0001:00005570       ?Run@CEDSCapture@@QAEXXZ   00406570 f   EDSCapture.obj
 0001:00005630       ?Stop@CEDSCapture@@QAEXXZ  00406630 f   EDSCapture.obj
 0001:000056f0       ?Msg@CEDSCapture@@IAAXPADZZ 004066f0 f   EDSCapture.obj
 0001:000057a0       ?FindCaptureDevice@CEDSCapture@@IAEJPAPAUIBaseFilter@@@Z 004067a0 f   EDSCapture.obj
 0001:00005b50       ?GetInterfaces@CEDSCapture@@IAEJXZ 00406b50 f   EDSCapture.obj
 0001:00005c90       ?FreeMediaType@CEDSCapture@@IAEXAAU_AMMediaType@@@Z 00406c90 f   EDSCapture.obj
 0001:00005cf0       ??0?$vector@PAUIBaseFilter@@V?$allocator@PAUIBaseFilter@@@std@@@std@@QAE@XZ 00406cf0 f i EDSCapture.obj
 0001:00005cf0       ??0?$vector@HV?$allocator@H@std@@@std@@QAE@XZ 00406cf0 f i EndoScopeMFCDlg.obj
 0001:00005d20       ??1?$vector@HV?$allocator@H@std@@@std@@QAE@XZ 00406d20 f i EndoScopeMFCDlg.obj
 0001:00005d20       ??1?$vector@PAUIBaseFilter@@V?$allocator@PAUIBaseFilter@@@std@@@std@@QAE@XZ 00406d20 f i EDSCapture.obj
 0001:00005d40       ??0?$CComPtr@UISampleGrabber@@@ATL@@QAE@XZ 00406d40 f i EDSCapture.obj
 0001:00005d40       ??0?$CComPtr@UIBaseFilter@@@ATL@@QAE@XZ 00406d40 f i EDSCapture.obj
 0001:00005d60       ??4?$CComPtr@UISampleGrabber@@@ATL@@QAEPAUISampleGrabber@@PAU2@@Z 00406d60 f i EDSCapture.obj
 0001:00005db0       ??1?$CComPtrBase@UIMoniker@@@ATL@@QAE@XZ 00406db0 f i EDSCapture.obj
 0001:00005db0       ??1?$CComPtrBase@UIEnumMoniker@@@ATL@@QAE@XZ 00406db0 f i EDSCapture.obj
 0001:00005db0       ??1?$CComPtrBase@UISampleGrabber@@@ATL@@QAE@XZ 00406db0 f i EDSCapture.obj
 0001:00005db0       ??1?$CComPtrBase@UIBaseFilter@@@ATL@@QAE@XZ 00406db0 f i EDSCapture.obj
 0001:00005db0       ??1?$CComPtrBase@UICreateDevEnum@@@ATL@@QAE@XZ 00406db0 f i EDSCapture.obj
 0001:00005de0       ??7?$CComPtrBase@UISampleGrabber@@@ATL@@QBE_NXZ 00406de0 f i EDSCapture.obj
 0001:00005e10       ?CoCreateInstance@?$CComPtrBase@UISampleGrabber@@@ATL@@QAEJABU_GUID@@PAUIUnknown@@K@Z 00406e10 f i EDSCapture.obj
 0001:00005e40       ??0?$CComQIPtr@UIBaseFilter@@$1?IID_IBaseFilter@@3U_GUID@@B@ATL@@QAE@PAUIUnknown@@@Z 00406e40 f i EDSCapture.obj
 0001:00005e90       ??0?$CComPtr@UIEnumMoniker@@@ATL@@QAE@PAUIEnumMoniker@@@Z 00406e90 f i EDSCapture.obj
 0001:00005e90       ??0?$CComPtr@UIMoniker@@@ATL@@QAE@PAUIMoniker@@@Z 00406e90 f i EDSCapture.obj
 0001:00005e90       ??0?$CComPtr@UICreateDevEnum@@@ATL@@QAE@PAUICreateDevEnum@@@Z 00406e90 f i EDSCapture.obj
 0001:00005e90       ??0?$CComPtr@UISampleGrabber@@@ATL@@QAE@PAUISampleGrabber@@@Z 00406e90 f i EDSCapture.obj
 0001:00005eb0       ??8?$CComPtrBase@UISampleGrabber@@@ATL@@QBE_NPAUISampleGrabber@@@Z 00406eb0 f i EDSCapture.obj
 0001:00005eb0       ??8?$CComPtrBase@UIEnumMoniker@@@ATL@@QBE_NPAUIEnumMoniker@@@Z 00406eb0 f i EDSCapture.obj
 0001:00005ee0       ?_Tidy@?$vector@PAUIBaseFilter@@V?$allocator@PAUIBaseFilter@@@std@@@std@@IAEXXZ 00406ee0 f i EDSCapture.obj
 0001:00005ee0       ?_Tidy@?$vector@HV?$allocator@H@std@@@std@@IAEXXZ 00406ee0 f i EndoScopeMFCDlg.obj
 0001:00005f60       ??0?$_Vector_alloc@$0A@U?$_Vec_base_types@PAUIBaseFilter@@V?$allocator@PAUIBaseFilter@@@std@@@std@@@std@@QAE@ABV?$allocator@PAUIBaseFilter@@@1@@Z 00406f60 f i EDSCapture.obj
 0001:00005f60       ??0?$_Vector_alloc@$0A@U?$_Vec_base_types@HV?$allocator@H@std@@@std@@@std@@QAE@ABV?$allocator@H@1@@Z 00406f60 f i EndoScopeMFCDlg.obj
 0001:00005f80       ??0?$CComPtrBase@UISampleGrabber@@@ATL@@IAE@XZ 00406f80 f i EDSCapture.obj
 0001:00005f80       ??0?$CComPtrBase@UIBaseFilter@@@ATL@@IAE@XZ 00406f80 f i EDSCapture.obj
 0001:00005fa0       ?Swap@?$CComPtrBase@UISampleGrabber@@@ATL@@IAEXAAV12@@Z 00406fa0 f i EDSCapture.obj
 0001:00005fd0       ??9?$CComPtrBase@UISampleGrabber@@@ATL@@QBE_NPAUISampleGrabber@@@Z 00406fd0 f i EDSCapture.obj
 0001:00006010       ??0?$CComPtrBase@UICreateDevEnum@@@ATL@@IAE@PAUICreateDevEnum@@@Z 00407010 f i EDSCapture.obj
 0001:00006010       ??0?$CComPtrBase@UISampleGrabber@@@ATL@@IAE@PAUISampleGrabber@@@Z 00407010 f i EDSCapture.obj
 0001:00006010       ??0?$CComPtrBase@UIMoniker@@@ATL@@IAE@PAUIMoniker@@@Z 00407010 f i EDSCapture.obj
 0001:00006010       ??0?$CComPtrBase@UIEnumMoniker@@@ATL@@IAE@PAUIEnumMoniker@@@Z 00407010 f i EDSCapture.obj
 0001:00006050       ?_Destroy@?$vector@HV?$allocator@H@std@@@std@@IAEXPAH0@Z 00407050 f i EndoScopeMFCDlg.obj
 0001:00006050       ?_Destroy@?$vector@PAUIBaseFilter@@V?$allocator@PAUIBaseFilter@@@std@@@std@@IAEXPAPAUIBaseFilter@@0@Z 00407050 f i EDSCapture.obj
 0001:000060a0       ??0?$_Vector_val@U?$_Simple_types@PAUIBaseFilter@@@std@@@std@@QAE@XZ 004070a0 f i EDSCapture.obj
 0001:000060a0       ??0?$_Vector_val@U?$_Simple_types@H@std@@@std@@QAE@XZ 004070a0 f i EndoScopeMFCDlg.obj
 0001:000060d0       ??$_vsnprintf_s@$0EAA@@@YAHAAY0EAA@DIPBDPAD@Z 004070d0 f i EDSCapture.obj
 0001:00006100       ?__autoclassinit@Mat@cv@@QAEXI@Z 00407100 f i EndoScopeMFC.obj
 0001:00006150       ?GetMessageMap@CEndoScopeMFCApp@@MBEPBUAFX_MSGMAP@@XZ 00407150 f   EndoScopeMFC.obj
 0001:00006160       ?GetThisMessageMap@CEndoScopeMFCApp@@KGPBUAFX_MSGMAP@@XZ 00407160 f   EndoScopeMFC.obj
 0001:00006170       ??0CEndoScopeMFCApp@@QAE@XZ 00407170 f   EndoScopeMFC.obj
 0001:000061a0       ??_GCEndoScopeMFCApp@@UAEPAXI@Z 004071a0 f i EndoScopeMFC.obj
 0001:000061a0       ??_ECEndoScopeMFCApp@@UAEPAXI@Z 004071a0 f i * CIL library *:* CIL module *
 0001:000061d0       ??1CEndoScopeMFCApp@@UAE@XZ 004071d0 f i EndoScopeMFC.obj
 0001:000061f0       ?__autoclassinit@CEndoScopeMFCApp@@QAEXI@Z 004071f0 f i EndoScopeMFC.obj
 0001:00006210       ?__autoclassinit@CWinApp@@QAEXI@Z 00407210 f i EndoScopeMFC.obj
 0001:00006300       ?__autoclassinit@CWinThread@@QAEXI@Z 00407300 f i EndoScopeMFC.obj
 0001:00006360       ?ExceptionHandler@@YGJPAU_EXCEPTION_POINTERS@@@Z 00407360 f   EndoScopeMFC.obj
 0001:00006400       ?InitInstance@CEndoScopeMFCApp@@UAEHXZ 00407400 f   EndoScopeMFC.obj
 0001:000065d0       ?__autoclassinit@CShellManager@@QAEXI@Z 004075d0 f i EndoScopeMFC.obj
 0001:000065d0       ?__autoclassinit@CDC@@QAEXI@Z 004075d0 f i EndoScopeMFCDlg.obj
 0001:00006600       ?__autoclassinit@CEndoScopeMFCDlg@@QAEXI@Z 00407600 f i EndoScopeMFC.obj
 0001:00006760       ?__autoclassinit@CDialogEx@@QAEXI@Z 00407760 f i EndoScopeMFC.obj
 0001:000067a0       ?__autoclassinit@CEdit@@QAEXI@Z 004077a0 f i EndoScopeMFCDlg.obj
 0001:000067a0       ?__autoclassinit@CStatic@@QAEXI@Z 004077a0 f i EndoScopeMFC.obj
 0001:000067c0       ?__autoclassinit@CEDSCapture@@QAEXI@Z 004077c0 f i EndoScopeMFC.obj
 0001:00006860       ?__autoclassinit@CSetPSW@@QAEXI@Z 00407860 f i Login.obj
 0001:00006860       ?__autoclassinit@CAboutDlg@@QAEXI@Z 00407860 f i EndoScopeMFC.obj
 0001:00006880       ?__autoclassinit@CDialog@@QAEXI@Z 00407880 f i EndoScopeMFC.obj
 0001:000068f0       ?__autoclassinit@?$vector@PAUIBaseFilter@@V?$allocator@PAUIBaseFilter@@@std@@@std@@QAEXI@Z 004078f0 f i EndoScopeMFC.obj
 0001:00006910       ?__autoclassinit@CEDSGrabberCB@@QAEXI@Z 00407910 f i EndoScopeMFC.obj
 0001:00006930       ?__autoclassinit@?$_Vector_alloc@$0A@U?$_Vec_base_types@PAUIBaseFilter@@V?$allocator@PAUIBaseFilter@@@std@@@std@@@std@@QAEXI@Z 00407930 f i EndoScopeMFC.obj
 0001:00006950       ?__autoclassinit@?$_Vector_val@U?$_Simple_types@PAUIBaseFilter@@@std@@@std@@QAEXI@Z 00407950 f i EndoScopeMFC.obj
 0001:00006980       ?ExitInstance@CEndoScopeMFCApp@@UAEHXZ 00407980 f   EndoScopeMFC.obj
 0001:000069a0       ?GetApplicationRecoveryPingInterval@CWinApp@@UAEKXZ 004079a0 f i EndoScopeMFC.obj
 0001:000069b0       ?GetApplicationRecoveryParameter@CWinApp@@UAEPAXXZ 004079b0 f i EndoScopeMFC.obj
 0001:000069b0       ?GetApplicationRestartFlags@CWinApp@@UAEKXZ 004079b0 f i EndoScopeMFC.obj
 0001:000069c0       ?RestoreAutosavedFilesAtRestart@CWinApp@@UBEHXZ 004079c0 f i EndoScopeMFC.obj
 0001:000069e0       ?ReopenPreviousFilesAtRestart@CWinApp@@UBEHXZ 004079e0 f i EndoScopeMFC.obj
 0001:00006a00       ?SupportsAutosaveAtInterval@CWinApp@@UBEHXZ 00407a00 f i EndoScopeMFC.obj
 0001:00006a20       ?SupportsAutosaveAtRestart@CWinApp@@UBEHXZ 00407a20 f i EndoScopeMFC.obj
 0001:00006a40       ?SupportsApplicationRecovery@CWinApp@@UBEHXZ 00407a40 f i EndoScopeMFC.obj
 0001:00006a60       ?SupportsRestartManager@CWinApp@@UBEHXZ 00407a60 f i EndoScopeMFC.obj
 0001:00006a80       ?__autoclassinit@CWnd@@QAEXI@Z 00407a80 f i EndoScopeMFC.obj
 0001:00006b00       ??2CObject@@SGPAXI@Z       00407b00 f i EndoScopeMFC.obj
 0001:00006b20       ?__autoclassinit@CCmdTarget@@QAEXI@Z 00407b20 f i EndoScopeMFC.obj
 0001:00006b50       ??0String@cv@@QAE@PBD@Z    00407b50 f i EndoScopeMFCDlg.obj
 0001:00006bd0       ??1String@cv@@QAE@XZ       00407bd0 f i EndoScopeMFCDlg.obj
 0001:00006bf0       ?init@_InputArray@cv@@IAEXHPBX@Z 00407bf0 f i EndoScopeMFCDlg.obj
 0001:00006c10       ?init@_InputArray@cv@@IAEXHPBXV?$Size_@H@2@@Z 00407c10 f i EndoScopeMFCDlg.obj
 0001:00006c40       ??0_InputArray@cv@@QAE@XZ  00407c40 f i EndoScopeMFCDlg.obj
 0001:00006c70       ??0_InputArray@cv@@QAE@ABVMat@1@@Z 00407c70 f i EndoScopeMFCDlg.obj
 0001:00006ca0       ??0_OutputArray@cv@@QAE@AAVMat@1@@Z 00407ca0 f i EndoScopeMFCDlg.obj
 0001:00006d10       ??1_OutputArray@cv@@QAE@XZ 00407d10 f i EndoScopeMFCDlg.obj
 0001:00006d30       ??0Mat@cv@@QAE@XZ          00407d30 f i EndoScopeMFCDlg.obj
 0001:00006dc0       ??0Mat@cv@@QAE@HHH@Z       00407dc0 f i EndoScopeMFCDlg.obj
 0001:00006e70       ??0Mat@cv@@QAE@V?$Size_@H@1@H@Z 00407e70 f i EndoScopeMFCDlg.obj
 0001:00006f30       ??0Mat@cv@@QAE@HHHPAXI@Z   00407f30 f i EndoScopeMFCDlg.obj
 0001:00007190       ??1Mat@cv@@QAE@XZ          00408190 f i EndoScopeMFCDlg.obj
 0001:000071d0       ??4Mat@cv@@QAEAAV01@ABV01@@Z 004081d0 f i EndoScopeMFCDlg.obj
 0001:000072f0       ?create@Mat@cv@@QAEXHHH@Z  004082f0 f i EndoScopeMFCDlg.obj
 0001:00007380       ?release@Mat@cv@@QAEXXZ    00408380 f i EndoScopeMFCDlg.obj
 0001:00007420       ??RMat@cv@@QBE?AV01@ABV?$Rect_@H@1@@Z 00408420 f i EndoScopeMFCDlg.obj
 0001:00007460       ?isContinuous@Mat@cv@@QBE_NXZ 00408460 f i EndoScopeMFCDlg.obj
 0001:00007490       ?elemSize@Mat@cv@@QBEIXZ   00408490 f i EndoScopeMFCDlg.obj
 0001:000074d0       ?type@Mat@cv@@QBEHXZ       004084d0 f i EndoScopeMFCDlg.obj
 0001:000074f0       ?depth@Mat@cv@@QBEHXZ      004084f0 f i EndoScopeMFCDlg.obj
 0001:00007510       ?empty@Mat@cv@@QBE_NXZ     00408510 f i EndoScopeMFCDlg.obj
 0001:00007550       ?total@Mat@cv@@QBEIXZ      00408550 f i EndoScopeMFCDlg.obj
 0001:000075c0       ?ptr@Mat@cv@@QBEPBEH@Z     004085c0 f i EndoScopeMFCDlg.obj
 0001:000075f0       ??0Mat@cv@@QAE@$$QAV01@@Z  004085f0 f i EndoScopeMFCDlg.obj
 0001:00007780       ??4Mat@cv@@QAEAAV01@$$QAV01@@Z 00408780 f i EndoScopeMFCDlg.obj
 0001:00007940       ??0MatSize@cv@@QAE@PAH@Z   00408940 f i EndoScopeMFCDlg.obj
 0001:00007960       ??AMatStep@cv@@QBEABIH@Z   00408960 f i EndoScopeMFCDlg.obj
 0001:00007960       ??AMatSize@cv@@QBEABHH@Z   00408960 f i EndoScopeMFCDlg.obj
 0001:00007960       ??AMatStep@cv@@QAEAAIH@Z   00408960 f i EndoScopeMFCDlg.obj
 0001:00007980       ??0MatStep@cv@@QAE@XZ      00408980 f i EndoScopeMFCDlg.obj
 0001:000079d0       ??0MatConstIterator@cv@@QAE@PBVMat@1@@Z 004089d0 f i EndoScopeMFCDlg.obj
 0001:00007a70       ??0MatConstIterator@cv@@QAE@ABV01@@Z 00408a70 f i EndoScopeMFCDlg.obj
 0001:00007ac0       ?__autoclassinit@MatConstIterator@cv@@QAEXI@Z 00408ac0 f i EndoScopeMFCDlg.obj
 0001:00007b00       ??EMatConstIterator@cv@@QAEAAV01@XZ 00408b00 f i EndoScopeMFCDlg.obj
 0001:00007b60       ??4Mat@cv@@QAEAAV01@ABVMatExpr@1@@Z 00408b60 f i EndoScopeMFCDlg.obj
 0001:00007b90       ??0String@cv@@QAE@ABV?$basic_string@DU?$char_traits@D@std@@V?$allocator@D@2@@std@@@Z 00408b90 f i EndoScopeMFCDlg.obj
 0001:00007c50       ?NowEnter@CPLC@@QAEHXZ     00408c50 f i EndoScopeMFCDlg.obj
 0001:00007ca0       ?OverEnter@CPLC@@QAEHXZ    00408ca0 f i EndoScopeMFCDlg.obj
 0001:00007cf0       ?NowVideo@CPLC@@QAEHXZ     00408cf0 f i EndoScopeMFCDlg.obj
 0001:00007d40       ?StopVideo@CPLC@@QAEHXZ    00408d40 f i EndoScopeMFCDlg.obj
 0001:00007d90       ?NowSave@CPLC@@QAEHXZ      00408d90 f i EndoScopeMFCDlg.obj
 0001:00007de0       ?OverSave@CPLC@@QAEHXZ     00408de0 f i EndoScopeMFCDlg.obj
 0001:00007e30       ?NotLink@CPLC@@QAEHXZ      00408e30 f i EndoScopeMFCDlg.obj
 0001:00007e80       ?AverageMetering@CPLC@@QAEHXZ 00408e80 f i EndoScopeMFCDlg.obj
 0001:00007f20       ?PeakMetering@CPLC@@QAEHXZ 00408f20 f i EndoScopeMFCDlg.obj
 0001:00007fc0       ?B@CPLC@@QAEHH@Z           00408fc0 f i EndoScopeMFCDlg.obj
 0001:000080b0       ?R@CPLC@@QAEHH@Z           004090b0 f i EndoScopeMFCDlg.obj
 0001:000081a0       ?Zoom1@CPLC@@QAEHXZ        004091a0 f i EndoScopeMFCDlg.obj
 0001:000081f0       ?Zoom2@CPLC@@QAEHXZ        004091f0 f i EndoScopeMFCDlg.obj
 0001:00008240       ?Zoom3@CPLC@@QAEHXZ        00409240 f i EndoScopeMFCDlg.obj
 0001:00008290       ?Zoom4@CPLC@@QAEHXZ        00409290 f i EndoScopeMFCDlg.obj
 0001:000082e0       ?SetCircular@CPLC@@QAEHXZ  004092e0 f i EndoScopeMFCDlg.obj
 0001:00008330       ?SetSquare@CPLC@@QAEHXZ    00409330 f i EndoScopeMFCDlg.obj
 0001:00008380       ?OpenLight@CPLC@@QAEHXZ    00409380 f i EndoScopeMFCDlg.obj
 0001:000083d0       ?CloseLight@CPLC@@QAEHXZ   004093d0 f i EndoScopeMFCDlg.obj
 0001:00008420       ?Light@CPLC@@QAEHH@Z       00409420 f i EndoScopeMFCDlg.obj
 0001:00008480       ?Brightness0@CPLC@@QAEHXZ  00409480 f i EndoScopeMFCDlg.obj
 0001:00008530       ?Brightness1@CPLC@@QAEHXZ  00409530 f i EndoScopeMFCDlg.obj
[...]
 0002:00004224       __tryblocktable$?_Buynode0@?$_List_alloc@$0A@U?$_List_base_types@PAEV?$allocator@PAE@std@@@std@@@std@@QAEPAU?$_List_node@PAEPAX@2@PAU32@0@Z 00421224     * CIL library *:* CIL module *
 0002:00004238       __catchsym$?_Buynode0@?$_List_alloc@$0A@U?$_List_base_types@PAEV?$allocator@PAE@std@@@std@@@std@@QAEPAU?$_List_node@PAEPAX@2@PAU32@0@Z$2 00421238     * CIL library *:* CIL module *
 0002:00004248       __ehfuncinfo$?_Endwrite@?$basic_filebuf@DU?$char_traits@D@std@@@std@@IAE_NXZ 00421248     * CIL library *:* CIL module *
 0002:0000426c       __unwindtable$?_Endwrite@?$basic_filebuf@DU?$char_traits@D@std@@@std@@IAE_NXZ 0042126c     * CIL library *:* CIL module *
 0002:00004274       __ehfuncinfo$?open@?$basic_filebuf@DU?$char_traits@D@std@@@std@@QAEPAV12@PBDHH@Z 00421274     * CIL library *:* CIL module *
 0002:00004298       __unwindtable$?open@?$basic_filebuf@DU?$char_traits@D@std@@@std@@QAEPAV12@PBDHH@Z 00421298     * CIL library *:* CIL module *
 0002:000042a0       __ehfuncinfo$??0?$basic_filebuf@DU?$char_traits@D@std@@@std@@QAE@PAU_iobuf@@@Z 004212a0     * CIL library *:* CIL module *
 0002:000042c4       __unwindtable$??0?$basic_filebuf@DU?$char_traits@D@std@@@std@@QAE@PAU_iobuf@@@Z 004212c4     * CIL library *:* CIL module *
 0002:000042cc       __ehfuncinfo$??0?$basic_ifstream@DU?$char_traits@D@std@@@std@@QAE@PBDHH@Z 004212cc     * CIL library *:* CIL module *
 0002:000042f0       __unwindtable$??0?$basic_ifstream@DU?$char_traits@D@std@@@std@@QAE@PBDHH@Z 004212f0     * CIL library *:* CIL module *
 0002:00004308       __ehfuncinfo$?uflow@?$basic_filebuf@DU?$char_traits@D@std@@@std@@MAEHXZ 00421308     * CIL library *:* CIL module *
 0002:0000432c       __unwindtable$?uflow@?$basic_filebuf@DU?$char_traits@D@std@@@std@@MAEHXZ 0042132c     * CIL library *:* CIL module *
 0002:00004334       __ehfuncinfo$?overflow@?$basic_filebuf@DU?$char_traits@D@std@@@std@@MAEHH@Z 00421334     * CIL library *:* CIL module *
 0002:00004358       __unwindtable$?overflow@?$basic_filebuf@DU?$char_traits@D@std@@@std@@MAEHH@Z 00421358     * CIL library *:* CIL module *
 0002:00004360       __ehfuncinfo$??0?$basic_ofstream@DU?$char_traits@D@std@@@std@@QAE@PBDHH@Z 00421360     * CIL library *:* CIL module *
 0002:00004384       __unwindtable$??0?$basic_ofstream@DU?$char_traits@D@std@@@std@@QAE@PBDHH@Z 00421384     * CIL library *:* CIL module *
 0002:0000439c       __ehfuncinfo$??HATL@@YA?AV?$CStringT@DV?$StrTraitMFC_DLL@DV?$ChTraitsCRT@D@ATL@@@@@0@ABV10@0@Z 0042139c     * CIL library *:* CIL module *
 0002:0000439c       __ehfuncinfo$?ShotPicWindow@CEndoScopeMFCDlg@@QAEXXZ 0042139c     * CIL library *:* CIL module *
 0002:0000439c       __ehfuncinfo$??HATL@@YA?AV?$CStringT@DV?$StrTraitMFC_DLL@DV?$ChTraitsCRT@D@ATL@@@@@0@ABV10@PBD@Z 0042139c     * CIL library *:* CIL module *
 0002:000043c0       __unwindtable$?ShotPicWindow@CEndoScopeMFCDlg@@QAEXXZ 004213c0     * CIL library *:* CIL module *
 0002:000043c0       __unwindtable$??HATL@@YA?AV?$CStringT@DV?$StrTraitMFC_DLL@DV?$ChTraitsCRT@D@ATL@@@@@0@ABV10@0@Z 004213c0     * CIL library *:* CIL module *
 0002:000043c0       __unwindtable$??HATL@@YA?AV?$CStringT@DV?$StrTraitMFC_DLL@DV?$ChTraitsCRT@D@ATL@@@@@0@ABV10@PBD@Z 004213c0     * CIL library *:* CIL module *
 0002:000043c8       __ehfuncinfo$?IniWhilteLamda@CEndoScopeMFCDlg@@QAEXXZ 004213c8     * CIL library *:* CIL module *
 0002:000043ec       __unwindtable$?IniWhilteLamda@CEndoScopeMFCDlg@@QAEXXZ 004213ec     * CIL library *:* CIL module *
 0002:000043fc       __ehfuncinfo$?CalWhilteLamda@CEndoScopeMFCDlg@@QAEXPAE@Z 004213fc     * CIL library *:* CIL module *
 0002:00004420       __unwindtable$?CalWhilteLamda@CEndoScopeMFCDlg@@QAEXPAE@Z 00421420     * CIL library *:* CIL module *
 0002:00004450       __ehfuncinfo$?SaveToPeripherals@CEndoScopeMFCDlg@@AAEXXZ 00421450     * CIL library *:* CIL module *
 0002:00004474       __unwindtable$?SaveToPeripherals@CEndoScopeMFCDlg@@AAEXXZ 00421474     * CIL library *:* CIL module *
 0002:000044ac       __ehfuncinfo$?CutDirFileAPI@@YAHV?$CStringT@DV?$StrTraitMFC_DLL@DV?$ChTraitsCRT@D@ATL@@@@@ATL@@0@Z 004214ac     * CIL library *:* CIL module *
 0002:000044d0       __unwindtable$?CutDirFileAPI@@YAHV?$CStringT@DV?$StrTraitMFC_DLL@DV?$ChTraitsCRT@D@ATL@@@@@ATL@@0@Z 004214d0     * CIL library *:* CIL module *
 0002:000044f8       __ehfuncinfo$?SaveVideo@CEndoScopeMFCDlg@@QAEXXZ 004214f8     * CIL library *:* CIL module *
 0002:0000451c       __unwindtable$?SaveVideo@CEndoScopeMFCDlg@@QAEXXZ 0042151c     * CIL library *:* CIL module *
 0002:0000452c       __ehfuncinfo$?OnCtlData@CEndoScopeMFCDlg@@QAEJIJ@Z 0042152c     * CIL library *:* CIL module *
 0002:00004550       __unwindtable$?OnCtlData@CEndoScopeMFCDlg@@QAEJIJ@Z 00421550     * CIL library *:* CIL module *
 0002:00004558       __ehfuncinfo$?ShowEndoscopeInfo@CEndoScopeMFCDlg@@QAEXPAEH@Z 00421558     * CIL library *:* CIL module *
 0002:0000457c       __unwindtable$?ShowEndoscopeInfo@CEndoScopeMFCDlg@@QAEXPAEH@Z 0042157c     * CIL library *:* CIL module *
 0002:0000459c       __ehfuncinfo$?ScreenCAPThreadProc@CEndoScopeMFCDlg@@CAIPAX@Z 0042159c     * CIL library *:* CIL module *
 0002:000045c0       __unwindtable$?ScreenCAPThreadProc@CEndoScopeMFCDlg@@CAIPAX@Z 004215c0     * CIL library *:* CIL module *
 0002:000045c8       __ehfuncinfo$?ShowVideoThreadFunc@CEndoScopeMFCDlg@@CAIPAX@Z 004215c8     * CIL library *:* CIL module *
 0002:000045f0       __unwindtable$?ShowVideoThreadFunc@CEndoScopeMFCDlg@@CAIPAX@Z 004215f0     * CIL library *:* CIL module *
 0002:00004650       __ehfuncinfo$?ShowCurrentDateTime@CEndoScopeMFCDlg@@AAEXXZ 00421650     * CIL library *:* CIL module *
 0002:00004674       __unwindtable$?ShowCurrentDateTime@CEndoScopeMFCDlg@@AAEXXZ 00421674     * CIL library *:* CIL module *
 0002:0000467c       __ehfuncinfo$?SetPicWidowShape@CEndoScopeMFCDlg@@QAEXXZ 0042167c     * CIL library *:* CIL module *
 0002:000046a0       __unwindtable$?SetPicWidowShape@CEndoScopeMFCDlg@@QAEXXZ 004216a0     * CIL library *:* CIL module *
 0002:000046b0       __ehfuncinfo$?InitializeFormBoxLayout@CEndoScopeMFCDlg@@QAEXXZ 004216b0     * CIL library *:* CIL module *
 0002:000046d4       __unwindtable$?InitializeFormBoxLayout@CEndoScopeMFCDlg@@QAEXXZ 004216d4     * CIL library *:* CIL module *
 0002:000046dc       __ehfuncinfo$?GetSaveImgPath@CEndoScopeMFCDlg@@QAE?AV?$basic_string@DU?$char_traits@D@std@@V?$allocator@D@2@@std@@H@Z 004216dc     * CIL library *:* CIL module *
 0002:00004700       __unwindtable$?GetSaveImgPath@CEndoScopeMFCDlg@@QAE?AV?$basic_string@DU?$char_traits@D@std@@V?$allocator@D@2@@std@@H@Z 00421700     * CIL library *:* CIL module *
 0002:00004738       __ehfuncinfo$??1MatExpr@cv@@QAE@XZ 00421738     * CIL library *:* CIL module *
 0002:0000475c       __unwindtable$??1MatExpr@cv@@QAE@XZ 0042175c     * CIL library *:* CIL module *
 0002:00004770       __ehfuncinfo$?SavePicThreadProc@CEndoScopeMFCDlg@@CAIPAX@Z 00421770     * CIL library *:* CIL module *
 0002:00004798       __unwindtable$?SavePicThreadProc@CEndoScopeMFCDlg@@CAIPAX@Z 00421798     * CIL library *:* CIL module *
 0002:00004960       __ehfuncinfo$?InitParameter@CEndoScopeMFCDlg@@AAEXXZ 00421960     * CIL library *:* CIL module *
 0002:00004984       __unwindtable$?InitParameter@CEndoScopeMFCDlg@@AAEXXZ 00421984     * CIL library *:* CIL module *
 0002:0000499c       __ehfuncinfo$?InitializePLC@CEndoScopeMFCDlg@@AAEXXZ 0042199c     * CIL library *:* CIL module *
 0002:000049c0       __unwindtable$?InitializePLC@CEndoScopeMFCDlg@@AAEXXZ 004219c0     * CIL library *:* CIL module *
 0002:000049d0       __ehfuncinfo$?WindowProc@CEndoScopeMFCDlg@@MAEJIIJ@Z 004219d0     * CIL library *:* CIL module *
 0002:000049f4       __unwindtable$?WindowProc@CEndoScopeMFCDlg@@MAEJIIJ@Z 004219f4     * CIL library *:* CIL module *
 0002:00004a04       __ehfuncinfo$?InitializecvWindow@CEndoScopeMFCDlg@@AAEXXZ 00421a04     * CIL library *:* CIL module *
 0002:00004a28       __unwindtable$?InitializecvWindow@CEndoScopeMFCDlg@@AAEXXZ 00421a28     * CIL library *:* CIL module *
 0002:00004a38       __ehfuncinfo$?OnPaint@CEndoScopeMFCDlg@@IAEXXZ 00421a38     * CIL library *:* CIL module *
 0002:00004a5c       __unwindtable$?OnPaint@CEndoScopeMFCDlg@@IAEXXZ 00421a5c     * CIL library *:* CIL module *
 0002:00004a64       __ehfuncinfo$?OnSysCommand@CEndoScopeMFCDlg@@IAEXIJ@Z 00421a64     * CIL library *:* CIL module *
 0002:00004a88       __unwindtable$?OnSysCommand@CEndoScopeMFCDlg@@IAEXIJ@Z 00421a88     * CIL library *:* CIL module *
 0002:00004a90       __ehfuncinfo$?OnInitDialog@CEndoScopeMFCDlg@@MAEHXZ 00421a90     * CIL library *:* CIL module *
 0002:00004ab4       __unwindtable$?OnInitDialog@CEndoScopeMFCDlg@@MAEHXZ 00421ab4     * CIL library *:* CIL module *
 0002:00004abc       __ehfuncinfo$??0CAboutDlg@@QAE@XZ 00421abc     * CIL library *:* CIL module *
 0002:00004ae0       __unwindtable$??0CAboutDlg@@QAE@XZ 00421ae0     * CIL library *:* CIL module *
 0002:00004af8       __ehfuncinfo$??0Mat@cv@@QAE@HHHPAXI@Z 00421af8     * CIL library *:* CIL module *
 0002:00004b1c       __unwindtable$??0Mat@cv@@QAE@HHHPAXI@Z 00421b1c     * CIL library *:* CIL module *
 0002:00004b30       __ehfuncinfo$??0CEndoScopeMFCDlg@@QAE@PAVCWnd@@@Z 00421b30     * CIL library *:* CIL module *
 0002:00004b58       __unwindtable$??0CEndoScopeMFCDlg@@QAE@PAVCWnd@@@Z 00421b58     * CIL library *:* CIL module *
 0002:00004bc8       __ehfuncinfo$??1CEndoScopeMFCDlg@@UAE@XZ 00421bc8     * CIL library *:* CIL module *
 0002:00004bf0       __unwindtable$??1CEndoScopeMFCDlg@@UAE@XZ 00421bf0     * CIL library *:* CIL module *
 0002:00004c60       __ehfuncinfo$?OnInitDialog@Login@@UAEHXZ 00421c60     * CIL library *:* CIL module *
 0002:00004c84       __unwindtable$?OnInitDialog@Login@@UAEHXZ 00421c84     * CIL library *:* CIL module *
 0002:00004c8c       __ehfuncinfo$?OnBnClickedOk@Login@@QAEXXZ 00421c8c     * CIL library *:* CIL module *
 0002:00004cb0       __unwindtable$?OnBnClickedOk@Login@@QAEXXZ 00421cb0     * CIL library *:* CIL module *
 0002:00004cd8       __ehfuncinfo$?OnBnClickedBtnSetpsw@Login@@QAEXXZ 00421cd8     * CIL library *:* CIL module *
 0002:00004cfc       __unwindtable$?OnBnClickedBtnSetpsw@Login@@QAEXXZ 00421cfc     * CIL library *:* CIL module *
 0002:00004d08       __ehfuncinfo$??0Login@@QAE@PAVCWnd@@@Z 00421d08     * CIL library *:* CIL module *
 0002:00004d30       __unwindtable$??0Login@@QAE@PAVCWnd@@@Z 00421d30     * CIL library *:* CIL module *
 0002:00004d70       __ehfuncinfo$??1Login@@UAE@XZ 00421d70     * CIL library *:* CIL module *
 0002:00004d94       __unwindtable$??1Login@@UAE@XZ 00421d94     * CIL library *:* CIL module *
 0002:00004dac       __ehfuncinfo$??1CPLC@@UAE@XZ 00421dac     * CIL library *:* CIL module *
 0002:00004dd0       __unwindtable$??1CPLC@@UAE@XZ 00421dd0     * CIL library *:* CIL module *
 0002:00004de8       __ehfuncinfo$??0CPLC@@QAE@XZ 00421de8     * CIL library *:* CIL module *
 0002:00004e0c       __unwindtable$??0CPLC@@QAE@XZ 00421e0c     * CIL library *:* CIL module *
 0002:00004e2c       __ehfuncinfo$?VideoInitialize@CPLC@@QAE_NV?$CStringT@DV?$StrTraitMFC_DLL@DV?$ChTraitsCRT@D@ATL@@@@@ATL@@H@Z 00421e2c     * CIL library *:* CIL module *
 0002:00004e2c       __ehfuncinfo$?ProcessCardInitialize@CPLC@@QAE_NV?$CStringT@DV?$StrTraitMFC_DLL@DV?$ChTraitsCRT@D@ATL@@@@@ATL@@H@Z 00421e2c     * CIL library *:* CIL module *
 0002:00004e50       __unwindtable$?VideoInitialize@CPLC@@QAE_NV?$CStringT@DV?$StrTraitMFC_DLL@DV?$ChTraitsCRT@D@ATL@@@@@ATL@@H@Z 00421e50     * CIL library *:* CIL module *
 0002:00004e50       __unwindtable$?ProcessCardInitialize@CPLC@@QAE_NV?$CStringT@DV?$StrTraitMFC_DLL@DV?$ChTraitsCRT@D@ATL@@@@@ATL@@H@Z 00421e50     * CIL library *:* CIL module *
 0002:00004e58       __ehfuncinfo$?Initialize@CVideoComIO@@QAE_NV?$CStringT@DV?$StrTraitMFC_DLL@DV?$ChTraitsCRT@D@ATL@@@@@ATL@@H@Z 00421e58     * CIL library *:* CIL module *
 0002:00004e58       __ehfuncinfo$?Initialize@CProcessCard@@QAE_NV?$CStringT@DV?$StrTraitMFC_DLL@DV?$ChTraitsCRT@D@ATL@@@@@ATL@@H@Z 00421e58     * CIL library *:* CIL module *
 0002:00004e7c       __unwindtable$?Initialize@CVideoComIO@@QAE_NV?$CStringT@DV?$StrTraitMFC_DLL@DV?$ChTraitsCRT@D@ATL@@@@@ATL@@H@Z 00421e7c     * CIL library *:* CIL module *
 0002:00004e7c       __unwindtable$?Initialize@CProcessCard@@QAE_NV?$CStringT@DV?$StrTraitMFC_DLL@DV?$ChTraitsCRT@D@ATL@@@@@ATL@@H@Z 00421e7c     * CIL library *:* CIL module *
 0002:00004e84       __ehfuncinfo$?SendData@CProcessCard@@QAEHPAEH@Z 00421e84     * CIL library *:* CIL module *
 0002:00004ea8       __unwindtable$?SendData@CProcessCard@@QAEHPAEH@Z 00421ea8     * CIL library *:* CIL module *
 0002:00004eb8       __tryblocktable$?SendData@CProcessCard@@QAEHPAEH@Z 00421eb8     * CIL library *:* CIL module *
 0002:00004ecc       __catchsym$?SendData@CProcessCard@@QAEHPAEH@Z$4 00421ecc     * CIL library *:* CIL module *
 0002:00004efc       __ehfuncinfo$?OnRecv@CVideoComIO@@QAEIPAX@Z 00421efc     * CIL library *:* CIL module *
 0002:00004f20       __unwindtable$?OnRecv@CVideoComIO@@QAEIPAX@Z 00421f20     * CIL library *:* CIL module *
 0002:00004f30       __ehfuncinfo$?SendData@CVideoComIO@@QAEHPAEH@Z 00421f30     * CIL library *:* CIL module *
 0002:00004f54       __unwindtable$?SendData@CVideoComIO@@QAEHPAEH@Z 00421f54     * CIL library *:* CIL module *
 0002:00004f64       __tryblocktable$?SendData@CVideoComIO@@QAEHPAEH@Z 00421f64     * CIL library *:* CIL module *
 0002:00004f78       __catchsym$?SendData@CVideoComIO@@QAEHPAEH@Z$4 00421f78     * CIL library *:* CIL module *
 0002:000058dc       .idata$6                   004228dc     mfc110:mfc110.dll
 0002:00005a8c       .idata$6                   00422a8c     msvcrt:MSVCR110.dll
 0002:00005f02       .idata$6                   00422f02     kernel32:KERNEL32.dll
 0002:0000603a       .idata$6                   0042303a     user32:USER32.dll
 0002:000060d2       .idata$6                   004230d2     gdi32:GDI32.dll
 0002:000060f0       .idata$6                   004230f0     shell32:SHELL32.dll
 0002:00006114       .idata$6                   00423114     comctl32:COMCTL32.dll
 0002:00006136       .idata$6                   00423136     shlwapi:SHLWAPI.dll
 0002:00006188       .idata$6                   00423188     ole32:ole32.dll
 0002:00006192       .idata$6                   00423192     oleaut32:OLEAUT32.dll
 0002:0000718a       .idata$6                   0042418a     msvcprt:MSVCP110.dll
 0002:0000743c       .idata$6                   0042443c     opencv_core320:opencv_core320.dll
 0002:000074fa       .idata$6                   004244fa     opencv_highgui320:opencv_highgui320.dll
 0002:0000756a       .idata$6                   0042456a     opencv_imgcodecs320:opencv_imgcodecs320.dll
 0002:000076a4       .idata$6                   004246a4     opencv_imgproc320:opencv_imgproc320.dll
 0002:00007716       .idata$6                   00424716     opencv_videoio320:opencv_videoio320.dll
 0002:00007740       .idata$6                   00424740     Dbghelp:dbghelp.dll
 0003:00000214       _current_pack_lock         00425214     * CIL library *:* CIL module *
 0003:00000620       _GS_ExceptionRecord        00425620     msvcrt:gs_report.obj
 0003:00000670       _GS_ContextRecord          00425670     msvcrt:gs_report.obj
 0003:0000093c       _DebuggerWasPresent        0042593c     msvcrt:gs_report.obj
 0003:00000940       _mainret                   00425940     msvcrt:crtexew.obj
 0003:00000944       _has_cctor                 00425944     msvcrt:crtexew.obj
 0003:00000948       _argc                      00425948     msvcrt:crtexew.obj
 0003:0000094c       _argv                      0042594c     msvcrt:crtexew.obj
 0003:00000950       _envp                      00425950     msvcrt:crtexew.obj
 0003:00000954       _argret                    00425954     msvcrt:crtexew.obj
 0003:00000958       _managedapp                00425958     msvcrt:crtexew.obj
 0003:0000095c       _startinfo                 0042595c     msvcrt:crtexew.obj
 0003:00000970       __Fac_head                 00425970     msvcprt:locale0_implib.obj
 0003:00000974       __Fac_tidy_reg             00425974     msvcprt:locale0_implib.obj
 0003:000009f8       _picBuf                    004259f8     * CIL library *:* CIL module *
 0003:01a5e9f8       _bshot                     01e839f8     * CIL library *:* CIL module *
 0003:01a5e9fc       _bSaveVideoStart           01e839fc     * CIL library *:* CIL module *
 0003:01a5ea00       __have_init_fifo           01e83a00     * CIL library *:* CIL module *
 0003:01a5ea04       _queueLock                 01e83a04     * CIL library *:* CIL module *
 0003:01a5ea10       __have_init_pack           01e83a10     * CIL library *:* CIL module *
 0003:01a5ea14       _GenericSansSerifFontFamilyBuffer 01e83a14     * CIL library *:* CIL module *
 0003:01a5ea1c       _GenericTypographicStringFormatBuffer 01e83a1c     * CIL library *:* CIL module *
 0003:01a5ea24       _GenericMonospaceFontFamilyBuffer 01e83a24     * CIL library *:* CIL module *
 0003:01a5ea2c       _GenericDefaultStringFormatBuffer 01e83a2c     * CIL library *:* CIL module *
 0003:01a5ea34       _GenericSerifFontFamilyBuffer 01e83a34     * CIL library *:* CIL module *
 0003:01a5ea3c       __have_init_fifo           01e83a3c     * CIL library *:* CIL module *
 0003:01a5ea40       _queueLock                 01e83a40     * CIL library *:* CIL module *
 0003:01a5ea48       __have_init_yuv_queue      01e83a48     * CIL library *:* CIL module *
 0003:01a5ea4c       _yuvQueueLock              01e83a4c     * CIL library *:* CIL module *
 0003:01a5eba8       _allocator_arg             01e83ba8     * CIL library *:* CIL module *
 0003:01a5eba9       _piecewise_construct       01e83ba9     * CIL library *:* CIL module *
 0003:01a5ebb0       _dataQueue                 01e83bb0     * CIL library *:* CIL module *
 0003:02247bf0       _packQueue                 0266cbf0     * CIL library *:* CIL module *
 0003:0278dc08       _dataQueue                 02bb2c08     * CIL library *:* CIL module *
 0003:041ebc48       _yuvQueue                  04610c48     * CIL library *:* CIL module *
 0004:00000500       $R000000                   055e3500     EndoScopeMFC.res
 0004:00000b68       $R000668                   055e3b68     EndoScopeMFC.res
 0004:00000e50       $R000950                   055e3e50     EndoScopeMFC.res
 0004:00001038       $R000B38                   055e4038     EndoScopeMFC.res
 0004:00001160       $R000C60                   055e4160     EndoScopeMFC.res
 0004:00002008       $R001B08                   055e5008     EndoScopeMFC.res
 0004:000028b0       $R0023B0                   055e58b0     EndoScopeMFC.res
 0004:00002f78       $R002A78                   055e5f78     EndoScopeMFC.res
 0004:000034e0       $R002FE0                   055e64e0     EndoScopeMFC.res
 0004:0000c8b0       $R00C3B0                   055ef8b0     EndoScopeMFC.res
 0004:0000ee58       $R00E958                   055f1e58     EndoScopeMFC.res
 0004:0000ff00       $R00FA00                   055f2f00     EndoScopeMFC.res
 0004:00010888       $R010388                   055f3888     EndoScopeMFC.res
 0004:00010cf0       $R0107F0                   055f3cf0     EndoScopeMFC.res
 0004:00010db0       $R0108B0                   055f3db0     EndoScopeMFC.res
 0004:00010e60       $R010960                   055f3e60     EndoScopeMFC.res
 0004:000114d0       $R010FD0                   055f44d0     EndoScopeMFC.res
 0004:00011670       $R011170                   055f4670     EndoScopeMFC.res
 0004:000117e8       $R0112E8                   055f47e8     EndoScopeMFC.res
 0004:00011ae8       $R0115E8                   055f4ae8     EndoScopeMFC.res
 0004:00011af0       $R0115F0                   055f4af0     EndoScopeMFC.res
 0004:00011b40       $R011640                   055f4b40     EndoScopeMFC.res
